Archive member included because of file (symbol)

c:/asctec_arm_sdk/winarm/bin/../lib/gcc/arm-elf/4.1.1/../../../../arm-elf/lib/thumb/interwork\libc.a(memcpy.o)
                              LL_HL_comm.o (memcpy)
c:/asctec_arm_sdk/winarm/bin/../lib/gcc/arm-elf/4.1.1/../../../../arm-elf/lib/thumb/interwork\libc.a(sprintf.o)
                              sdk_telemetry.o (sprintf)
c:/asctec_arm_sdk/winarm/bin/../lib/gcc/arm-elf/4.1.1/../../../../arm-elf/lib/thumb/interwork\libc.a(strcpy.o)
                              asctecCommIntfOnboard.o (strcpy)
c:/asctec_arm_sdk/winarm/bin/../lib/gcc/arm-elf/4.1.1/../../../../arm-elf/lib/thumb/interwork\libc.a(strlen.o)
                              asctecCommIntfOnboard.o (strlen)
c:/asctec_arm_sdk/winarm/bin/../lib/gcc/arm-elf/4.1.1/../../../../arm-elf/lib/thumb/interwork\libc.a(vfprintf.o)
                              c:/asctec_arm_sdk/winarm/bin/../lib/gcc/arm-elf/4.1.1/../../../../arm-elf/lib/thumb/interwork\libc.a(sprintf.o) (_vfprintf_r)
c:/asctec_arm_sdk/winarm/bin/../lib/gcc/arm-elf/4.1.1/../../../../arm-elf/lib/thumb/interwork\libc.a(wcrtomb.o)
                              c:/asctec_arm_sdk/winarm/bin/../lib/gcc/arm-elf/4.1.1/../../../../arm-elf/lib/thumb/interwork\libc.a(vfprintf.o) (_wcrtomb_r)
c:/asctec_arm_sdk/winarm/bin/../lib/gcc/arm-elf/4.1.1/../../../../arm-elf/lib/thumb/interwork\libc.a(wcsrtombs.o)
                              c:/asctec_arm_sdk/winarm/bin/../lib/gcc/arm-elf/4.1.1/../../../../arm-elf/lib/thumb/interwork\libc.a(vfprintf.o) (_wcsrtombs_r)
c:/asctec_arm_sdk/winarm/bin/../lib/gcc/arm-elf/4.1.1/../../../../arm-elf/lib/thumb/interwork\libc.a(wctomb_r.o)
                              c:/asctec_arm_sdk/winarm/bin/../lib/gcc/arm-elf/4.1.1/../../../../arm-elf/lib/thumb/interwork\libc.a(wcrtomb.o) (_wctomb_r)
c:/asctec_arm_sdk/winarm/bin/../lib/gcc/arm-elf/4.1.1/../../../../arm-elf/lib/thumb/interwork\libc.a(wsetup.o)
                              c:/asctec_arm_sdk/winarm/bin/../lib/gcc/arm-elf/4.1.1/../../../../arm-elf/lib/thumb/interwork\libc.a(vfprintf.o) (__swsetup)
c:/asctec_arm_sdk/winarm/bin/../lib/gcc/arm-elf/4.1.1/../../../../arm-elf/lib/thumb/interwork\libc.a(dtoa.o)
                              c:/asctec_arm_sdk/winarm/bin/../lib/gcc/arm-elf/4.1.1/../../../../arm-elf/lib/thumb/interwork\libc.a(vfprintf.o) (_dtoa_r)
c:/asctec_arm_sdk/winarm/bin/../lib/gcc/arm-elf/4.1.1/../../../../arm-elf/lib/thumb/interwork\libc.a(fflush.o)
                              c:/asctec_arm_sdk/winarm/bin/../lib/gcc/arm-elf/4.1.1/../../../../arm-elf/lib/thumb/interwork\libc.a(vfprintf.o) (fflush)
c:/asctec_arm_sdk/winarm/bin/../lib/gcc/arm-elf/4.1.1/../../../../arm-elf/lib/thumb/interwork\libc.a(findfp.o)
                              c:/asctec_arm_sdk/winarm/bin/../lib/gcc/arm-elf/4.1.1/../../../../arm-elf/lib/thumb/interwork\libc.a(vfprintf.o) (__sinit)
c:/asctec_arm_sdk/winarm/bin/../lib/gcc/arm-elf/4.1.1/../../../../arm-elf/lib/thumb/interwork\libc.a(freer.o)
                              c:/asctec_arm_sdk/winarm/bin/../lib/gcc/arm-elf/4.1.1/../../../../arm-elf/lib/thumb/interwork\libc.a(vfprintf.o) (_free_r)
c:/asctec_arm_sdk/winarm/bin/../lib/gcc/arm-elf/4.1.1/../../../../arm-elf/lib/thumb/interwork\libc.a(fvwrite.o)
                              c:/asctec_arm_sdk/winarm/bin/../lib/gcc/arm-elf/4.1.1/../../../../arm-elf/lib/thumb/interwork\libc.a(vfprintf.o) (__sfvwrite)
c:/asctec_arm_sdk/winarm/bin/../lib/gcc/arm-elf/4.1.1/../../../../arm-elf/lib/thumb/interwork\libc.a(fwalk.o)
                              c:/asctec_arm_sdk/winarm/bin/../lib/gcc/arm-elf/4.1.1/../../../../arm-elf/lib/thumb/interwork\libc.a(fflush.o) (_fwalk)
c:/asctec_arm_sdk/winarm/bin/../lib/gcc/arm-elf/4.1.1/../../../../arm-elf/lib/thumb/interwork\libc.a(impure.o)
                              c:/asctec_arm_sdk/winarm/bin/../lib/gcc/arm-elf/4.1.1/../../../../arm-elf/lib/thumb/interwork\libc.a(sprintf.o) (_impure_ptr)
c:/asctec_arm_sdk/winarm/bin/../lib/gcc/arm-elf/4.1.1/../../../../arm-elf/lib/thumb/interwork\libc.a(locale.o)
                              c:/asctec_arm_sdk/winarm/bin/../lib/gcc/arm-elf/4.1.1/../../../../arm-elf/lib/thumb/interwork\libc.a(vfprintf.o) (localeconv)
c:/asctec_arm_sdk/winarm/bin/../lib/gcc/arm-elf/4.1.1/../../../../arm-elf/lib/thumb/interwork\libc.a(makebuf.o)
                              c:/asctec_arm_sdk/winarm/bin/../lib/gcc/arm-elf/4.1.1/../../../../arm-elf/lib/thumb/interwork\libc.a(wsetup.o) (__smakebuf)
c:/asctec_arm_sdk/winarm/bin/../lib/gcc/arm-elf/4.1.1/../../../../arm-elf/lib/thumb/interwork\libc.a(mallocr.o)
                              c:/asctec_arm_sdk/winarm/bin/../lib/gcc/arm-elf/4.1.1/../../../../arm-elf/lib/thumb/interwork\libc.a(vfprintf.o) (_malloc_r)
c:/asctec_arm_sdk/winarm/bin/../lib/gcc/arm-elf/4.1.1/../../../../arm-elf/lib/thumb/interwork\libc.a(memchr.o)
                              c:/asctec_arm_sdk/winarm/bin/../lib/gcc/arm-elf/4.1.1/../../../../arm-elf/lib/thumb/interwork\libc.a(vfprintf.o) (memchr)
[...]
Memory Configuration

Name             Origin             Length             Attributes
ROM              0x00000000         0x00080000         xr
RAM              0x40000000         0x00008000         rw
*default*        0x00000000         0xffffffff

Linker script and memory map

LOAD Common_WinARM/src/Startup.o
LOAD Common_WinARM/src/swi_handler.o
LOAD LL_HL_comm.o
LOAD mymath.o
LOAD gpsmath.o
LOAD sdk.o
LOAD sdk_telemetry.o
LOAD buzzer.o
LOAD lpc_aci_eeprom.o
LOAD asctecCommIntfOnboard.o
LOAD buildInfoSetup.o
LOAD main.o
LOAD hardware.o
LOAD system.o
LOAD uart.o
LOAD syscalls.o
LOAD i2c.o
LOAD i2c1.o
LOAD Common_WinARM/src/irq.o
LOAD adc.o
LOAD ssp.o
LOAD pelican_ptu.o
LOAD jetiTelemetry.o
LOAD LPC2k_ee.o
LOAD c:/asctec_arm_sdk/winarm/bin/../lib/gcc/arm-elf/4.1.1/../../../../arm-elf/lib/thumb/interwork\libc.a
LOAD c:/asctec_arm_sdk/winarm/bin/../lib/gcc/arm-elf/4.1.1/../../../../arm-elf/lib/thumb/interwork\libc.a
LOAD c:/asctec_arm_sdk/winarm/bin/../lib/gcc/arm-elf/4.1.1/thumb/interwork\libgcc.a
LOAD ./\libdeclination.a
LOAD ./\libublox.a
LOAD c:/asctec_arm_sdk/winarm/bin/../lib/gcc/arm-elf/4.1.1/../../../../arm-elf/lib/thumb/interwork\libm.a
START GROUP
LOAD c:/asctec_arm_sdk/winarm/bin/../lib/gcc/arm-elf/4.1.1/thumb/interwork\libgcc.a
LOAD c:/asctec_arm_sdk/winarm/bin/../lib/gcc/arm-elf/4.1.1/../../../../arm-elf/lib/thumb/interwork\libg.a
LOAD c:/asctec_arm_sdk/winarm/bin/../lib/gcc/arm-elf/4.1.1/../../../../arm-elf/lib/thumb/interwork\libc.a
END GROUP

.text           0x00000000    0x1b5d4
 *(.vectorg)
 .vectorg       0x00000000       0x98 Common_WinARM/src/Startup.o
                0x00000050                __IRQ_Wrapper
 .vectorg       0x00000098       0xd0 Common_WinARM/src/swi_handler.o
                0x00000098                SoftwareInterrupt
                0x00000168                . = ALIGN (0x4)
 *(.init)
 .init          0x00000168      0x168 Common_WinARM/src/Startup.o
                0x00000294                __exit_THUMB
                0x00000168                __startup
                0x00000290                __exit_ARM
 *(.text .text.*)
 .text          0x000002d0        0x0 Common_WinARM/src/Startup.o
 .text          0x000002d0       0x38 Common_WinARM/src/swi_handler.o
                0x000002e0                IntGetCPSR
                0x00000300                FiqDisable
                0x000002d0                IntRestore
                0x000002f0                IntDisable
                0x000002d8                FiqRestore
                0x000002e8                IntEnable
                0x000002f8                FiqEnable
 .text          0x00000308     0x12fc LL_HL_comm.o
                0x00000dbc                SSP_data_distribution_HL
                0x00000308                LL_write_ctrl_data
                0x00000424                HL2LL_write_cycle
                0x0000112c                SSP_rx_handler_HL
 .text          0x00001604       0x64 mymath.o
                0x00001610                fast_sqrt
                0x00001604                fast_abs
 .text          0x00001668      0x104 gpsmath.o
                0x00001668                xy2latlon
 .text          0x0000176c      0xb94 sdk.o
                0x00001ad8                SDK_EXAMPLE_attitude_commands
                0x00001a2c                SDK_EXAMPLE_direct_motor_commands_with_standard_output_mapping
                0x000022d4                SDK_mainloop
                0x00001928                SDK_SetEmergencyMode
                0x00001964                SDK_EXAMPLE_direct_individual_motor_commands
                0x00001b9c                SDK_EXAMPLE_turn_motors_off
                0x00001870                unlock_motors
                0x000018cc                lock_motors
                0x00001b0c                SDK_EXAMPLE_turn_motors_on
                0x00001c2c                SDK_EXAMPLE_gps_waypoint_control
                0x0000176c                hovering_test
 .text          0x00002300      0x7ec sdk_telemetry.o
                0x00002300                SDK_jetiAscTecExampleUpdateDisplay
                0x00002694                SDK_jetiAscTecExampleKeyChange
                0x00002460                SDK_jetiAscTecExampleInit
                0x00002830                SDK_jetiAscTecExampleRun
 .text          0x00002aec      0x5e4 buzzer.o
                0x00002b14                buzzer_handler
                0x00002aec                buzzer
 .text          0x000030d0      0x3a0 lpc_aci_eeprom.o
                0x0000327c                lpc_aci_ReadParafromFlash
                0x0000313c                lpc_aci_SavePara
                0x00003424                lpc_aci_init
                0x000030d0                lpc_aci_WriteParatoFlash
 .text          0x00003470     0x2b5c asctecCommIntfOnboard.o
                0x000035c8                aciTxRingBufferReset
                0x0000452c                aciSyncVar
                0x00003e04                aciSendVar
                0x00003a5c                aciPublishVariableInt
                0x00003704                aciPublishParameterInt
                0x000059dc                aciReceiveHandler
                0x00003c18                aciSetSaveParaCallback
                0x00005bbc                aciSingleSend
                0x00003c08                aciSetReadParafromFlashCallback
                0x0000439c                aciSyncCmd
                0x00003640                aciTxRingBufferGetNextByte
                0x00003d2c                aciTxSendPacket
                0x000045d0                aciRxHandleMessage
                0x00003c38                aciTxRingBufferAddData
                0x00003470                aciInit
                0x00005e4c                aciEngine
                0x000036c4                aciUpdateCrc16
                0x000038b0                aciPublishCommandInt
                0x000035b8                aciSetStartTxCallback
                0x000035e8                aciTxRingBufferGetFreeSpace
                0x00003c28                aciSetWriteParatoFlashCallback
                0x00005d5c                aciSendSingleWithAck
                0x0000420c                aciSyncPar
                0x00003698                aciCrcUpdate
                0x00003628                aciTxRingBufferByteAvailable
 .text          0x00005fcc      0x1bc buildInfoSetup.o
                0x00005fcc                generateBuildInfo
 .text          0x00006188     0x1900 main.o
                0x00006188                timer0ISR
                0x000065f8                mainloop
                0x00006270                main
                0x00006a08                ACISDK
 .text          0x00007a88       0x8c hardware.o
                0x00007a88                LED
 .text          0x00007b14      0x58c system.o
                0x00007cf0                init_timer0
                0x00007e84                init_spi1
                0x00007d98                PWM_Init
                0x00007c48                init_ports
                0x00007b14                init
                0x00007e4c                init_spi
                0x00007b9c                init_interrupts
                0x00008058                delay
                0x00007fa0                processorClockFrequency
                0x00007f60                pll_feed
                0x00007f20                pll_init
                0x00007fc0                peripheralClockFrequency
 .text          0x000080a0      0xeb4 uart.o
                0x0000856c                UARTWriteChar
                0x000084c0                UART1Initialize
                0x00008830                UART_send_ringbuffer
                0x0000869c                __putchar
                0x0000860c                UARTReadChar
                0x00008654                UART1ReadChar
                0x000080a0                uart1ISR
                0x000086e0                UART_send
                0x00008ae8                crc16
                0x000089f8                crc_update
                0x00008d68                ringbuffer1
                0x00008170                uart0ISR
                0x00008900                UART_SendPacket
                0x00008b7c                ringbuffer
                0x00008414                UARTInitialize
                0x000085bc                UART1WriteChar
                0x00008898                UART1_send_ringbuffer
                0x0000879c                UART1_send
 .text          0x00008f54      0x2b4 syscalls.o
                0x000090fc                _lseek_r
                0x00009130                _fstat_r
                0x0000916c                isatty
                0x00009194                _sbrk_r
                0x00008f54                _read_r
                0x000090d0                _close_r
                0x00009034                _write_r
 .text          0x00009208      0x750 i2c.o
                0x000096a4                I2C0_send_motordata
                0x000098c8                I2CEngine
                0x00009208                I2C0MasterHandler
                0x00009750                I2CStart
                0x000097e4                I2CStop
                0x00009840                I2CInit
 .text          0x00009958     0x1048 i2c1.o
                0x00009c4c                fireFlyLedHandler
                0x00009958                I2C1MasterHandler
                0x0000a788                I2C1_setRGBLed
                0x0000a974                I2C1State
                0x0000a900                I2C1Engine
                0x0000a88c                I2C1Init
 .text          0x0000a9a0      0x2d8 Common_WinARM/src/irq.o
                0x0000aa8c                install_irq
                0x0000ab80                uninstall_irq
                0x0000a9c8                init_VIC
 .text          0x0000ac78      0x3ec adc.o
                0x0000af88                ADC0getSamplingResults
                0x0000ac78                ADCInit
                0x0000ae3c                ADC1Read
                0x0000ad00                ADC0Read
                0x0000af44                ADC0triggerSampling
 .text          0x0000b064      0x420 ssp.o
                0x0000b27c                LL_write
                0x0000b23c                LL_write_init
                0x0000b064                SSPHandler
 .text          0x0000b484      0x928 pelican_ptu.o
                0x0000b484                PTU_init
                0x0000b988                SERVO_roll_move
                0x0000ba68                PTU_update_middle_positions_by_stick
                0x0000b5a4                PTU_update
                0x0000b8a0                SERVO_pitch_move
 .text          0x0000bdac     0x1090 jetiTelemetry.o
                0x0000c8f0                jetiSetValueDate
                0x0000bef4                jetiSetDeviceName
                0x0000c440                jetiSetValue6B
                0x0000c158                jetiSetValue30B
                0x0000c2c8                jetiSetValue22B
                0x0000c034                jetiDeactivateValue
                0x0000c728                jetiSetValueTime
                0x0000cae4                jetiSetTextDisplay
                0x0000be50                jetiSetAlarm
                0x0000c5b0                jetiSetValue14B
                0x0000c0b0                jetiSetDecimalPoint
                0x0000bdf0                jetiCheckForKeyChange
                0x0000bdac                jetiSetKeyChanged
                0x0000bfac                jetiActivateValue
                0x0000cc30                jetiInitValue
 .text          0x0000ce3c      0x69c LPC2k_ee.o
                0x0000d450                enter_isp
                0x0000ce3c                ee_erase
                0x0000d19c                ee_read
                0x0000cf78                ee_write
                0x0000d294                ee_count
                0x0000d22c                ee_readn
                0x0000d308                ee_locate
 .text          0x0000d4d8       0x20 c:/asctec_arm_sdk/winarm/bin/../lib/gcc/arm-elf/4.1.1/../../../../arm-elf/lib/thumb/interwork\libc.a(memcpy.o)
                0x0000d4d8                memcpy
 .text          0x0000d4f8       0x84 c:/asctec_arm_sdk/winarm/bin/../lib/gcc/arm-elf/4.1.1/../../../../arm-elf/lib/thumb/interwork\libc.a(sprintf.o)
                0x0000d53c                _sprintf_r
                0x0000d4f8                sprintf
 .text          0x0000d57c       0x10 c:/asctec_arm_sdk/winarm/bin/../lib/gcc/arm-elf/4.1.1/../../../../arm-elf/lib/thumb/interwork\libc.a(strcpy.o)
                0x0000d57c                strcpy
 .text          0x0000d58c       0x10 c:/asctec_arm_sdk/winarm/bin/../lib/gcc/arm-elf/4.1.1/../../../../arm-elf/lib/thumb/interwork\libc.a(strlen.o)
                0x0000d58c                strlen
 .text          0x0000d59c     0x1460 c:/asctec_arm_sdk/winarm/bin/../lib/gcc/arm-elf/4.1.1/../../../../arm-elf/lib/thumb/interwork\libc.a(vfprintf.o)
                0x0000d5bc                _vfprintf_r
                0x0000e9dc                vfprintf
 .text          0x0000e9fc       0x50 c:/asctec_arm_sdk/winarm/bin/../lib/gcc/arm-elf/4.1.1/../../../../arm-elf/lib/thumb/interwork\libc.a(wcrtomb.o)
                0x0000e9fc                _wcrtomb_r
                0x0000ea2c                wcrtomb
 .text          0x0000ea4c       0xd8 c:/asctec_arm_sdk/winarm/bin/../lib/gcc/arm-elf/4.1.1/../../../../arm-elf/lib/thumb/interwork\libc.a(wcsrtombs.o)
                0x0000ea4c                _wcsrtombs_r
                0x0000eafc                wcsrtombs
 .text          0x0000eb24      0x2b0 c:/asctec_arm_sdk/winarm/bin/../lib/gcc/arm-elf/4.1.1/../../../../arm-elf/lib/thumb/interwork\libc.a(wctomb_r.o)
                0x0000eb24                _wctomb_r
 .text          0x0000edd4       0x94 c:/asctec_arm_sdk/winarm/bin/../lib/gcc/arm-elf/4.1.1/../../../../arm-elf/lib/thumb/interwork\libc.a(wsetup.o)
                0x0000edd4                __swsetup
 .text          0x0000ee68      0xd30 c:/asctec_arm_sdk/winarm/bin/../lib/gcc/arm-elf/4.1.1/../../../../arm-elf/lib/thumb/interwork\libc.a(dtoa.o)
                0x0000ef9c                _dtoa_r
 .text          0x0000fb98       0x88 c:/asctec_arm_sdk/winarm/bin/../lib/gcc/arm-elf/4.1.1/../../../../arm-elf/lib/thumb/interwork\libc.a(fflush.o)
                0x0000fb98                fflush
 .text          0x0000fc20      0x1b0 c:/asctec_arm_sdk/winarm/bin/../lib/gcc/arm-elf/4.1.1/../../../../arm-elf/lib/thumb/interwork\libc.a(findfp.o)
                0x0000fc58                __sinit
                0x0000fcf0                __sfmoreglue
                0x0000fcdc                _cleanup
                0x0000fccc                _cleanup_r
                0x0000fd40                __fp_lock_all
                0x0000fcb4                __sfp_lock_acquire
                0x0000fd58                __sfp
                0x0000fcc0                __sinit_lock_release
                0x0000fd28                __fp_unlock_all
                0x0000fcb8                __sfp_lock_release
                0x0000fcbc                __sinit_lock_acquire
 .text          0x0000fdd0      0x248 c:/asctec_arm_sdk/winarm/bin/../lib/gcc/arm-elf/4.1.1/../../../../arm-elf/lib/thumb/interwork\libc.a(freer.o)
                0x0000fe70                _free_r
                0x0000fdd0                _malloc_trim_r
 .text          0x00010018      0x25c c:/asctec_arm_sdk/winarm/bin/../lib/gcc/arm-elf/4.1.1/../../../../arm-elf/lib/thumb/interwork\libc.a(fvwrite.o)
                0x00010018                __sfvwrite
 .text          0x00010274       0xb4 c:/asctec_arm_sdk/winarm/bin/../lib/gcc/arm-elf/4.1.1/../../../../arm-elf/lib/thumb/interwork\libc.a(fwalk.o)
                0x000102d0                _fwalk
                0x00010274                _fwalk_reent
 .text          0x00010328        0x0 c:/asctec_arm_sdk/winarm/bin/../lib/gcc/arm-elf/4.1.1/../../../../arm-elf/lib/thumb/interwork\libc.a(impure.o)
 .text          0x00010328       0x78 c:/asctec_arm_sdk/winarm/bin/../lib/gcc/arm-elf/4.1.1/../../../../arm-elf/lib/thumb/interwork\libc.a(locale.o)
                0x0001033c                _setlocale_r
                0x00010328                __locale_charset
                0x00010334                _localeconv_r
                0x0001037c                setlocale
                0x00010398                localeconv
 .text          0x000103a0       0xd8 c:/asctec_arm_sdk/winarm/bin/../lib/gcc/arm-elf/4.1.1/../../../../arm-elf/lib/thumb/interwork\libc.a(makebuf.o)
                0x000103a0                __smakebuf
 .text          0x00010478      0x4ac c:/asctec_arm_sdk/winarm/bin/../lib/gcc/arm-elf/4.1.1/../../../../arm-elf/lib/thumb/interwork\libc.a(mallocr.o)
                0x00010478                _malloc_r
 .text          0x00010924       0x18 c:/asctec_arm_sdk/winarm/bin/../lib/gcc/arm-elf/4.1.1/../../../../arm-elf/lib/thumb/interwork\libc.a(memchr.o)
                0x00010924                memchr
 .text          0x0001093c       0x38 c:/asctec_arm_sdk/winarm/bin/../lib/gcc/arm-elf/4.1.1/../../../../arm-elf/lib/thumb/interwork\libc.a(memmove.o)
                0x0001093c                memmove
 .text          0x00010974       0x10 c:/asctec_arm_sdk/winarm/bin/../lib/gcc/arm-elf/4.1.1/../../../../arm-elf/lib/thumb/interwork\libc.a(memset.o)
                0x00010974                memset
 .text          0x00010984        0x8 c:/asctec_arm_sdk/winarm/bin/../lib/gcc/arm-elf/4.1.1/../../../../arm-elf/lib/thumb/interwork\libc.a(mlock.o)
                0x00010988                __malloc_unlock
                0x00010984                __malloc_lock
 .text          0x0001098c      0x834 c:/asctec_arm_sdk/winarm/bin/../lib/gcc/arm-elf/4.1.1/../../../../arm-elf/lib/thumb/interwork\libc.a(mprec.o)
                0x00010bfc                _mprec_log10
                0x000109a4                _hi0bits
                0x00010c40                _Balloc
                0x00010c9c                _d2b
                0x00010ee0                _multiply
                0x00010ba8                _ratio
                0x0001113c                _s2b
                0x0001100c                _i2b
                0x000109ec                _lo0bits
                0x00010a58                __mcmp
                0x000110b0                _pow5mult
                0x00010a98                _ulp
                0x00010ae8                _b2d
                0x00011024                _multadd
                0x00010d70                __mdiff
                0x00010e50                _lshift
                0x0001098c                _Bfree
 .text          0x000111c0      0x308 c:/asctec_arm_sdk/winarm/bin/../lib/gcc/arm-elf/4.1.1/../../../../arm-elf/lib/thumb/interwork\libc.a(reallocr.o)
                0x000111c0                _realloc_r
 .text          0x000114c8       0x2c c:/asctec_arm_sdk/winarm/bin/../lib/gcc/arm-elf/4.1.1/../../../../arm-elf/lib/thumb/interwork\libc.a(s_isinf.o)
                0x000114c8                isinf
 .text          0x000114f4       0x24 c:/asctec_arm_sdk/winarm/bin/../lib/gcc/arm-elf/4.1.1/../../../../arm-elf/lib/thumb/interwork\libc.a(s_isnan.o)
                0x000114f4                isnan
 .text          0x00011518       0xd0 c:/asctec_arm_sdk/winarm/bin/../lib/gcc/arm-elf/4.1.1/../../../../arm-elf/lib/thumb/interwork\libc.a(stdio.o)
                0x00011530                __sseek
                0x000115b0                __sread
                0x00011518                __sclose
                0x0001156c                __swrite
 .text          0x000115e8       0x18 c:/asctec_arm_sdk/winarm/bin/../lib/gcc/arm-elf/4.1.1/../../../../arm-elf/lib/thumb/interwork\libc.a(strcmp.o)
                0x000115e8                strcmp
 .text          0x00011600       0x5c c:/asctec_arm_sdk/winarm/bin/../lib/gcc/arm-elf/4.1.1/../../../../arm-elf/lib/thumb/interwork\libc.a(callocr.o)
                0x00011600                _calloc_r
 .text          0x0001165c       0xb8 c:/asctec_arm_sdk/winarm/bin/../lib/gcc/arm-elf/4.1.1/../../../../arm-elf/lib/thumb/interwork\libc.a(fclose.o)
                0x0001165c                _fclose_r
                0x000116fc                fclose
 .text          0x00011714       0x8c c:/asctec_arm_sdk/winarm/bin/../lib/gcc/arm-elf/4.1.1/thumb/interwork\libgcc.a(_udivsi3.o)
                0x00011714                __udivsi3
                0x00011714                __aeabi_uidiv
                0x00011790                __aeabi_uidivmod
 .text          0x000117a0       0xa4 c:/asctec_arm_sdk/winarm/bin/../lib/gcc/arm-elf/4.1.1/thumb/interwork\libgcc.a(_divsi3.o)
                0x000117a0                __aeabi_idiv
                0x000117a0                __divsi3
                0x00011834                __aeabi_idivmod
 .text          0x00011844       0xc8 c:/asctec_arm_sdk/winarm/bin/../lib/gcc/arm-elf/4.1.1/thumb/interwork\libgcc.a(_umodsi3.o)
                0x00011844                __umodsi3
 .text          0x0001190c       0xd8 c:/asctec_arm_sdk/winarm/bin/../lib/gcc/arm-elf/4.1.1/thumb/interwork\libgcc.a(_modsi3.o)
                0x0001190c                __modsi3
 .text          0x000119e4        0x4 c:/asctec_arm_sdk/winarm/bin/../lib/gcc/arm-elf/4.1.1/thumb/interwork\libgcc.a(_dvmd_tls.o)
                0x000119e4                __aeabi_ldiv0
                0x000119e4                __div0
                0x000119e4                __aeabi_idiv0
 .text          0x000119e8      0x430 c:/asctec_arm_sdk/winarm/bin/../lib/gcc/arm-elf/4.1.1/thumb/interwork\libgcc.a(_addsubdf3.o)
                0x00011dac                __floatdidf
                0x00011d2c                __floatsidf
                0x00011d04                __aeabi_ui2d
                0x000119e8                __aeabi_drsub
                0x00011d58                __extendsfdf2
                0x000119f4                __adddf3
                0x00011d04                __floatunsidf
                0x000119f4                __aeabi_dadd
                0x00011d98                __aeabi_ul2d
                0x000119f0                __aeabi_dsub
                0x00011d98                __floatundidf
                0x00011d2c                __aeabi_i2d
                0x00011dac                __aeabi_l2d
                0x00011d58                __aeabi_f2d
                0x000119f0                __subdf3
 .text          0x00011e18      0x49c c:/asctec_arm_sdk/winarm/bin/../lib/gcc/arm-elf/4.1.1/thumb/interwork\libgcc.a(_muldivdf3.o)
                0x000120a8                __aeabi_ddiv
                0x00011e18                __aeabi_dmul
                0x000120a8                __divdf3
                0x00011e18                __muldf3
 .text          0x000122b4      0x140 c:/asctec_arm_sdk/winarm/bin/../lib/gcc/arm-elf/4.1.1/thumb/interwork\libgcc.a(_cmpdf2.o)
                0x000123ac                __aeabi_dcmple
                0x000122c4                __cmpdf2
                0x000122c4                __eqdf2
                0x000122b4                __gtdf2
                0x00012364                __aeabi_cdcmple
                0x00012348                __aeabi_cdrcmple
                0x000122bc                __ltdf2
                0x00012394                __aeabi_dcmplt
                0x000122bc                __ledf2
                0x000123dc                __aeabi_dcmpgt
                0x000123c4                __aeabi_dcmpge
                0x000122c4                __nedf2
                0x0001237c                __aeabi_dcmpeq
                0x00012364                __aeabi_cdcmpeq
                0x000122b4                __gedf2
 .text          0x000123f4       0x5c c:/asctec_arm_sdk/winarm/bin/../lib/gcc/arm-elf/4.1.1/thumb/interwork\libgcc.a(_fixdfsi.o)
                0x000123f4                __fixdfsi
                0x000123f4                __aeabi_d2iz
 .text          0x00012450     0x3250 ./\libdeclination.a(declination.o)
                0x00014efc                geomg1
                0x00014f6c                getDeclination
                0x00014e94                geomag
 .text          0x000156a0     0x1e88 ./\libublox.a(ublox.o)
                0x000161c8                uBloxReceiveHandler
                0x000158b8                pollMessageRate
                0x0001688c                uBloxReceiveEngine
                0x00015a10                uBloxHandleMessage
                0x00015974                uBloxResetConfiguration
                0x00015910                setMessageRate
                0x000156a0                uBloxSendMessage
 .text          0x00017528       0xa8 c:/asctec_arm_sdk/winarm/bin/../lib/gcc/arm-elf/4.1.1/../../../../arm-elf/lib/thumb/interwork\libm.a(s_cos.o)
                0x00017528                cos
 .text          0x000175d0       0xac c:/asctec_arm_sdk/winarm/bin/../lib/gcc/arm-elf/4.1.1/../../../../arm-elf/lib/thumb/interwork\libm.a(s_sin.o)
                0x000175d0                sin
 .text          0x0001767c       0xc0 c:/asctec_arm_sdk/winarm/bin/../lib/gcc/arm-elf/4.1.1/../../../../arm-elf/lib/thumb/interwork\libm.a(w_atan2.o)
                0x0001767c                atan2
 .text          0x0001773c       0xb8 c:/asctec_arm_sdk/winarm/bin/../lib/gcc/arm-elf/4.1.1/../../../../arm-elf/lib/thumb/interwork\libm.a(w_sqrt.o)
                0x0001773c                sqrt
 .text          0x000177f4      0x20c c:/asctec_arm_sdk/winarm/bin/../lib/gcc/arm-elf/4.1.1/../../../../arm-elf/lib/thumb/interwork\libm.a(e_atan2.o)
                0x000177f4                __ieee754_atan2
 .text          0x00017a00      0x420 c:/asctec_arm_sdk/winarm/bin/../lib/gcc/arm-elf/4.1.1/../../../../arm-elf/lib/thumb/interwork\libm.a(e_rem_pio2.o)
                0x00017a00                __ieee754_rem_pio2
 .text          0x00017e20      0x1a0 c:/asctec_arm_sdk/winarm/bin/../lib/gcc/arm-elf/4.1.1/../../../../arm-elf/lib/thumb/interwork\libm.a(e_sqrt.o)
                0x00017e20                __ieee754_sqrt
 .text          0x00017fc0      0x264 c:/asctec_arm_sdk/winarm/bin/../lib/gcc/arm-elf/4.1.1/../../../../arm-elf/lib/thumb/interwork\libm.a(k_cos.o)
                0x00017fc0                __kernel_cos
 .text          0x00018224      0x744 c:/asctec_arm_sdk/winarm/bin/../lib/gcc/arm-elf/4.1.1/../../../../arm-elf/lib/thumb/interwork\libm.a(k_rem_pio2.o)
                0x00018224                __kernel_rem_pio2
 .text          0x00018968      0x178 c:/asctec_arm_sdk/winarm/bin/../lib/gcc/arm-elf/4.1.1/../../../../arm-elf/lib/thumb/interwork\libm.a(k_sin.o)
                0x00018968                __kernel_sin
 .text          0x00018ae0      0x35c c:/asctec_arm_sdk/winarm/bin/../lib/gcc/arm-elf/4.1.1/../../../../arm-elf/lib/thumb/interwork\libm.a(s_atan.o)
                0x00018ae0                atan
 .text          0x00018e3c       0x18 c:/asctec_arm_sdk/winarm/bin/../lib/gcc/arm-elf/4.1.1/../../../../arm-elf/lib/thumb/interwork\libm.a(s_fabs.o)
                0x00018e3c                fabs
 .text          0x00018e54      0x12c c:/asctec_arm_sdk/winarm/bin/../lib/gcc/arm-elf/4.1.1/../../../../arm-elf/lib/thumb/interwork\libm.a(s_floor.o)
                0x00018e54                floor
 .text          0x00018f80        0x0 c:/asctec_arm_sdk/winarm/bin/../lib/gcc/arm-elf/4.1.1/../../../../arm-elf/lib/thumb/interwork\libm.a(s_lib_ver.o)
 .text          0x00018f80        0x4 c:/asctec_arm_sdk/winarm/bin/../lib/gcc/arm-elf/4.1.1/../../../../arm-elf/lib/thumb/interwork\libm.a(s_matherr.o)
                0x00018f80                matherr
 .text          0x00018f84      0x110 c:/asctec_arm_sdk/winarm/bin/../lib/gcc/arm-elf/4.1.1/../../../../arm-elf/lib/thumb/interwork\libm.a(s_scalbn.o)
                0x00018f84                scalbn
 .text          0x00019094       0x24 c:/asctec_arm_sdk/winarm/bin/../lib/gcc/arm-elf/4.1.1/../../../../arm-elf/lib/thumb/interwork\libm.a(s_copysign.o)
                0x00019094                copysign
 .text          0x000190b8       0xa0 c:/asctec_arm_sdk/winarm/bin/../lib/gcc/arm-elf/4.1.1/thumb/interwork\libgcc.a(_truncdfsf2.o)
                0x000190b8                __aeabi_d2f
                0x000190b8                __truncdfsf2
 .text          0x00019158      0x2ac c:/asctec_arm_sdk/winarm/bin/../lib/gcc/arm-elf/4.1.1/thumb/interwork\libgcc.a(_addsubsf3.o)
                0x00019164                __aeabi_fadd
                0x00019160                __subsf3
                0x00019328                __aeabi_i2f
                0x00019160                __aeabi_fsub
                0x00019358                __floatdisf
                0x00019328                __floatsisf
                0x00019348                __floatundisf
                0x00019320                __aeabi_ui2f
                0x00019358                __aeabi_l2f
                0x00019348                __aeabi_ul2f
                0x00019158                __aeabi_frsub
                0x00019320                __floatunsisf
                0x00019164                __addsf3
 .text          0x00019404      0x2f8 c:/asctec_arm_sdk/winarm/bin/../lib/gcc/arm-elf/4.1.1/thumb/interwork\libgcc.a(_muldivsf3.o)
                0x0001959c                __divsf3
                0x0001959c                __aeabi_fdiv
                0x00019404                __mulsf3
                0x00019404                __aeabi_fmul
 .text          0x000196fc      0x110 c:/asctec_arm_sdk/winarm/bin/../lib/gcc/arm-elf/4.1.1/thumb/interwork\libgcc.a(_cmpsf2.o)
                0x000197f4                __aeabi_fcmpgt
                0x00019704                __lesf2
                0x0001970c                __nesf2
                0x000197dc                __aeabi_fcmpge
                0x000196fc                __gtsf2
                0x000197c4                __aeabi_fcmple
                0x0001970c                __eqsf2
                0x0001970c                __cmpsf2
                0x00019704                __ltsf2
                0x0001977c                __aeabi_cfcmple
                0x000196fc                __gesf2
                0x00019794                __aeabi_fcmpeq
                0x0001976c                __aeabi_cfrcmple
                0x000197ac                __aeabi_fcmplt
                0x0001977c                __aeabi_cfcmpeq
 .text          0x0001980c       0x5c c:/asctec_arm_sdk/winarm/bin/../lib/gcc/arm-elf/4.1.1/thumb/interwork\libgcc.a(_fixsfsi.o)
                0x0001980c                __fixsfsi
                0x0001980c                __aeabi_f2iz
 .text          0x00019868        0xc c:/asctec_arm_sdk/winarm/bin/../lib/gcc/arm-elf/4.1.1/../../../../arm-elf/lib/thumb/interwork\libg.a(errno.o)
                0x00019868                __errno
 *(.gnu.linkonce.t.*)
 *(.glue_7)
 .glue_7        0x00019874        0x0 Common_WinARM/src/Startup.o
 .glue_7        0x00019874        0x0 Common_WinARM/src/swi_handler.o
 .glue_7        0x00019874        0x0 LL_HL_comm.o
 .glue_7        0x00019874        0x0 mymath.o
 .glue_7        0x00019874        0x0 gpsmath.o
 .glue_7        0x00019874        0x0 sdk.o
 .glue_7        0x00019874        0x0 sdk_telemetry.o
 .glue_7        0x00019874        0x0 buzzer.o
 .glue_7        0x00019874        0x0 lpc_aci_eeprom.o
 .glue_7        0x00019874        0x0 asctecCommIntfOnboard.o
 .glue_7        0x00019874        0x0 buildInfoSetup.o
 .glue_7        0x00019874        0x0 main.o
 .glue_7        0x00019874        0x0 hardware.o
 .glue_7        0x00019874        0x0 system.o
 .glue_7        0x00019874        0x0 uart.o
 .glue_7        0x00019874        0x0 syscalls.o
 .glue_7        0x00019874        0x0 i2c.o
 .glue_7        0x00019874        0x0 i2c1.o
 .glue_7        0x00019874        0x0 Common_WinARM/src/irq.o
 .glue_7        0x00019874        0x0 adc.o
 .glue_7        0x00019874        0x0 ssp.o
 .glue_7        0x00019874        0x0 pelican_ptu.o
 .glue_7        0x00019874        0x0 jetiTelemetry.o
 .glue_7        0x00019874        0x0 LPC2k_ee.o
 .glue_7        0x00019874        0x0 c:/asctec_arm_sdk/winarm/bin/../lib/gcc/arm-elf/4.1.1/../../../../arm-elf/lib/thumb/interwork\libc.a(memcpy.o)
 .glue_7        0x00019874        0x0 c:/asctec_arm_sdk/winarm/bin/../lib/gcc/arm-elf/4.1.1/../../../../arm-elf/lib/thumb/interwork\libc.a(sprintf.o)
 .glue_7        0x00019874        0x0 c:/asctec_arm_sdk/winarm/bin/../lib/gcc/arm-elf/4.1.1/../../../../arm-elf/lib/thumb/interwork\libc.a(strcpy.o)
 .glue_7        0x00019874        0x0 c:/asctec_arm_sdk/winarm/bin/../lib/gcc/arm-elf/4.1.1/../../../../arm-elf/lib/thumb/interwork\libc.a(strlen.o)
 .glue_7        0x00019874        0x0 c:/asctec_arm_sdk/winarm/bin/../lib/gcc/arm-elf/4.1.1/../../../../arm-elf/lib/thumb/interwork\libc.a(vfprintf.o)
 .glue_7        0x00019874        0x0 c:/asctec_arm_sdk/winarm/bin/../lib/gcc/arm-elf/4.1.1/../../../../arm-elf/lib/thumb/interwork\libc.a(wcrtomb.o)
 .glue_7        0x00019874        0x0 c:/asctec_arm_sdk/winarm/bin/../lib/gcc/arm-elf/4.1.1/../../../../arm-elf/lib/thumb/interwork\libc.a(wcsrtombs.o)
 .glue_7        0x00019874        0x0 c:/asctec_arm_sdk/winarm/bin/../lib/gcc/arm-elf/4.1.1/../../../../arm-elf/lib/thumb/interwork\libc.a(wctomb_r.o)
 .glue_7        0x00019874        0x0 c:/asctec_arm_sdk/winarm/bin/../lib/gcc/arm-elf/4.1.1/../../../../arm-elf/lib/thumb/interwork\libc.a(wsetup.o)
 .glue_7        0x00019874        0x0 c:/asctec_arm_sdk/winarm/bin/../lib/gcc/arm-elf/4.1.1/../../../../arm-elf/lib/thumb/interwork\libc.a(dtoa.o)
 .glue_7        0x00019874        0x0 c:/asctec_arm_sdk/winarm/bin/../lib/gcc/arm-elf/4.1.1/../../../../arm-elf/lib/thumb/interwork\libc.a(fflush.o)
 .glue_7        0x00019874        0x0 c:/asctec_arm_sdk/winarm/bin/../lib/gcc/arm-elf/4.1.1/../../../../arm-elf/lib/thumb/interwork\libc.a(findfp.o)
 .glue_7        0x00019874        0x0 c:/asctec_arm_sdk/winarm/bin/../lib/gcc/arm-elf/4.1.1/../../../../arm-elf/lib/thumb/interwork\libc.a(freer.o)
 .glue_7        0x00019874        0x0 c:/asctec_arm_sdk/winarm/bin/../lib/gcc/arm-elf/4.1.1/../../../../arm-elf/lib/thumb/interwork\libc.a(fvwrite.o)
 .glue_7        0x00019874        0x0 c:/asctec_arm_sdk/winarm/bin/../lib/gcc/arm-elf/4.1.1/../../../../arm-elf/lib/thumb/interwork\libc.a(fwalk.o)
 .glue_7        0x00019874        0x0 c:/asctec_arm_sdk/winarm/bin/../lib/gcc/arm-elf/4.1.1/../../../../arm-elf/lib/thumb/interwork\libc.a(impure.o)
 .glue_7        0x00019874        0x0 c:/asctec_arm_sdk/winarm/bin/../lib/gcc/arm-elf/4.1.1/../../../../arm-elf/lib/thumb/interwork\libc.a(locale.o)
 .glue_7        0x00019874        0x0 c:/asctec_arm_sdk/winarm/bin/../lib/gcc/arm-elf/4.1.1/../../../../arm-elf/lib/thumb/interwork\libc.a(makebuf.o)
 .glue_7        0x00019874        0x0 c:/asctec_arm_sdk/winarm/bin/../lib/gcc/arm-elf/4.1.1/../../../../arm-elf/lib/thumb/interwork\libc.a(mallocr.o)
 .glue_7        0x00019874        0x0 c:/asctec_arm_sdk/winarm/bin/../lib/gcc/arm-elf/4.1.1/../../../../arm-elf/lib/thumb/interwork\libc.a(memchr.o)
 .glue_7        0x00019874        0x0 c:/asctec_arm_sdk/winarm/bin/../lib/gcc/arm-elf/4.1.1/../../../../arm-elf/lib/thumb/interwork\libc.a(memmove.o)
 .glue_7        0x00019874        0x0 c:/asctec_arm_sdk/winarm/bin/../lib/gcc/arm-elf/4.1.1/../../../../arm-elf/lib/thumb/interwork\libc.a(memset.o)
 .glue_7        0x00019874        0x0 c:/asctec_arm_sdk/winarm/bin/../lib/gcc/arm-elf/4.1.1/../../../../arm-elf/lib/thumb/interwork\libc.a(mlock.o)
 .glue_7        0x00019874        0x0 c:/asctec_arm_sdk/winarm/bin/../lib/gcc/arm-elf/4.1.1/../../../../arm-elf/lib/thumb/interwork\libc.a(mprec.o)
 .glue_7        0x00019874        0x0 c:/asctec_arm_sdk/winarm/bin/../lib/gcc/arm-elf/4.1.1/../../../../arm-elf/lib/thumb/interwork\libc.a(reallocr.o)
 .glue_7        0x00019874        0x0 c:/asctec_arm_sdk/winarm/bin/../lib/gcc/arm-elf/4.1.1/../../../../arm-elf/lib/thumb/interwork\libc.a(s_isinf.o)
 .glue_7        0x00019874        0x0 c:/asctec_arm_sdk/winarm/bin/../lib/gcc/arm-elf/4.1.1/../../../../arm-elf/lib/thumb/interwork\libc.a(s_isnan.o)
 .glue_7        0x00019874        0x0 c:/asctec_arm_sdk/winarm/bin/../lib/gcc/arm-elf/4.1.1/../../../../arm-elf/lib/thumb/interwork\libc.a(stdio.o)
 .glue_7        0x00019874        0x0 c:/asctec_arm_sdk/winarm/bin/../lib/gcc/arm-elf/4.1.1/../../../../arm-elf/lib/thumb/interwork\libc.a(strcmp.o)
 .glue_7        0x00019874        0x0 c:/asctec_arm_sdk/winarm/bin/../lib/gcc/arm-elf/4.1.1/../../../../arm-elf/lib/thumb/interwork\libc.a(callocr.o)
 .glue_7        0x00019874        0x0 c:/asctec_arm_sdk/winarm/bin/../lib/gcc/arm-elf/4.1.1/../../../../arm-elf/lib/thumb/interwork\libc.a(fclose.o)
 .glue_7        0x00019874        0x0 c:/asctec_arm_sdk/winarm/bin/../lib/gcc/arm-elf/4.1.1/thumb/interwork\libgcc.a(_udivsi3.o)
 .glue_7        0x00019874        0x0 c:/asctec_arm_sdk/winarm/bin/../lib/gcc/arm-elf/4.1.1/thumb/interwork\libgcc.a(_divsi3.o)
 .glue_7        0x00019874        0x0 c:/asctec_arm_sdk/winarm/bin/../lib/gcc/arm-elf/4.1.1/thumb/interwork\libgcc.a(_umodsi3.o)
 .glue_7        0x00019874        0x0 c:/asctec_arm_sdk/winarm/bin/../lib/gcc/arm-elf/4.1.1/thumb/interwork\libgcc.a(_modsi3.o)
 .glue_7        0x00019874        0x0 c:/asctec_arm_sdk/winarm/bin/../lib/gcc/arm-elf/4.1.1/thumb/interwork\libgcc.a(_dvmd_tls.o)
 .glue_7        0x00019874        0x0 c:/asctec_arm_sdk/winarm/bin/../lib/gcc/arm-elf/4.1.1/thumb/interwork\libgcc.a(_addsubdf3.o)
 .glue_7        0x00019874        0x0 c:/asctec_arm_sdk/winarm/bin/../lib/gcc/arm-elf/4.1.1/thumb/interwork\libgcc.a(_muldivdf3.o)
 .glue_7        0x00019874        0x0 c:/asctec_arm_sdk/winarm/bin/../lib/gcc/arm-elf/4.1.1/thumb/interwork\libgcc.a(_cmpdf2.o)
 .glue_7        0x00019874        0x0 c:/asctec_arm_sdk/winarm/bin/../lib/gcc/arm-elf/4.1.1/thumb/interwork\libgcc.a(_fixdfsi.o)
 .glue_7        0x00019874        0x0 ./\libdeclination.a(declination.o)
 .glue_7        0x00019874        0x0 ./\libublox.a(ublox.o)
 .glue_7        0x00019874        0x0 c:/asctec_arm_sdk/winarm/bin/../lib/gcc/arm-elf/4.1.1/../../../../arm-elf/lib/thumb/interwork\libm.a(s_cos.o)
 .glue_7        0x00019874        0x0 c:/asctec_arm_sdk/winarm/bin/../lib/gcc/arm-elf/4.1.1/../../../../arm-elf/lib/thumb/interwork\libm.a(s_sin.o)
 .glue_7        0x00019874        0x0 c:/asctec_arm_sdk/winarm/bin/../lib/gcc/arm-elf/4.1.1/../../../../arm-elf/lib/thumb/interwork\libm.a(w_atan2.o)
 .glue_7        0x00019874        0x0 c:/asctec_arm_sdk/winarm/bin/../lib/gcc/arm-elf/4.1.1/../../../../arm-elf/lib/thumb/interwork\libm.a(w_sqrt.o)
 .glue_7        0x00019874        0x0 c:/asctec_arm_sdk/winarm/bin/../lib/gcc/arm-elf/4.1.1/../../../../arm-elf/lib/thumb/interwork\libm.a(e_atan2.o)
 .glue_7        0x00019874        0x0 c:/asctec_arm_sdk/winarm/bin/../lib/gcc/arm-elf/4.1.1/../../../../arm-elf/lib/thumb/interwork\libm.a(e_rem_pio2.o)
 .glue_7        0x00019874        0x0 c:/asctec_arm_sdk/winarm/bin/../lib/gcc/arm-elf/4.1.1/../../../../arm-elf/lib/thumb/interwork\libm.a(e_sqrt.o)
 .glue_7        0x00019874        0x0 c:/asctec_arm_sdk/winarm/bin/../lib/gcc/arm-elf/4.1.1/../../../../arm-elf/lib/thumb/interwork\libm.a(k_cos.o)
 .glue_7        0x00019874        0x0 c:/asctec_arm_sdk/winarm/bin/../lib/gcc/arm-elf/4.1.1/../../../../arm-elf/lib/thumb/interwork\libm.a(k_rem_pio2.o)
 .glue_7        0x00019874        0x0 c:/asctec_arm_sdk/winarm/bin/../lib/gcc/arm-elf/4.1.1/../../../../arm-elf/lib/thumb/interwork\libm.a(k_sin.o)
 .glue_7        0x00019874        0x0 c:/asctec_arm_sdk/winarm/bin/../lib/gcc/arm-elf/4.1.1/../../../../arm-elf/lib/thumb/interwork\libm.a(s_atan.o)
 .glue_7        0x00019874        0x0 c:/asctec_arm_sdk/winarm/bin/../lib/gcc/arm-elf/4.1.1/../../../../arm-elf/lib/thumb/interwork\libm.a(s_fabs.o)
 .glue_7        0x00019874        0x0 c:/asctec_arm_sdk/winarm/bin/../lib/gcc/arm-elf/4.1.1/../../../../arm-elf/lib/thumb/interwork\libm.a(s_floor.o)
 .glue_7        0x00019874        0x0 c:/asctec_arm_sdk/winarm/bin/../lib/gcc/arm-elf/4.1.1/../../../../arm-elf/lib/thumb/interwork\libm.a(s_lib_ver.o)
 .glue_7        0x00019874        0x0 c:/asctec_arm_sdk/winarm/bin/../lib/gcc/arm-elf/4.1.1/../../../../arm-elf/lib/thumb/interwork\libm.a(s_matherr.o)
 .glue_7        0x00019874        0x0 c:/asctec_arm_sdk/winarm/bin/../lib/gcc/arm-elf/4.1.1/../../../../arm-elf/lib/thumb/interwork\libm.a(s_scalbn.o)
 .glue_7        0x00019874        0x0 c:/asctec_arm_sdk/winarm/bin/../lib/gcc/arm-elf/4.1.1/../../../../arm-elf/lib/thumb/interwork\libm.a(s_copysign.o)
 .glue_7        0x00019874        0x0 c:/asctec_arm_sdk/winarm/bin/../lib/gcc/arm-elf/4.1.1/thumb/interwork\libgcc.a(_truncdfsf2.o)
 .glue_7        0x00019874        0x0 c:/asctec_arm_sdk/winarm/bin/../lib/gcc/arm-elf/4.1.1/thumb/interwork\libgcc.a(_addsubsf3.o)
 .glue_7        0x00019874        0x0 c:/asctec_arm_sdk/winarm/bin/../lib/gcc/arm-elf/4.1.1/thumb/interwork\libgcc.a(_muldivsf3.o)
 .glue_7        0x00019874        0x0 c:/asctec_arm_sdk/winarm/bin/../lib/gcc/arm-elf/4.1.1/thumb/interwork\libgcc.a(_cmpsf2.o)
 .glue_7        0x00019874        0x0 c:/asctec_arm_sdk/winarm/bin/../lib/gcc/arm-elf/4.1.1/thumb/interwork\libgcc.a(_fixsfsi.o)
 .glue_7        0x00019874       0x78 c:/asctec_arm_sdk/winarm/bin/../lib/gcc/arm-elf/4.1.1/../../../../arm-elf/lib/thumb/interwork\libg.a(errno.o)
                0x000198bc                __strcpy_from_arm
                0x000198e0                __atan2_from_arm
                0x000198b0                __strlen_from_arm
                0x0001988c                __cos_from_arm
                0x000198a4                ____udivsi3_from_arm
                0x00019898                __sprintf_from_arm
                0x00019880                ____divsi3_from_arm
                0x00019874                __memcpy_from_arm
                0x000198d4                __sin_from_arm
                0x000198c8                __sqrt_from_arm
 *(.glue_7t)
 .glue_7t       0x000198ec        0x0 Common_WinARM/src/Startup.o
 .glue_7t       0x000198ec        0x0 Common_WinARM/src/swi_handler.o
 .glue_7t       0x000198ec        0x0 LL_HL_comm.o
 .glue_7t       0x000198ec        0x0 mymath.o
 .glue_7t       0x000198ec        0x0 gpsmath.o
 .glue_7t       0x000198ec        0x0 sdk.o
 .glue_7t       0x000198ec        0x0 sdk_telemetry.o
 .glue_7t       0x000198ec        0x0 buzzer.o
 .glue_7t       0x000198ec        0x0 lpc_aci_eeprom.o
 .glue_7t       0x000198ec        0x0 asctecCommIntfOnboard.o
 .glue_7t       0x000198ec        0x0 buildInfoSetup.o
 .glue_7t       0x000198ec        0x0 main.o
 .glue_7t       0x000198ec        0x0 hardware.o
 .glue_7t       0x000198ec        0x0 system.o
 .glue_7t       0x000198ec        0x0 uart.o
 .glue_7t       0x000198ec        0x0 syscalls.o
 .glue_7t       0x000198ec        0x0 i2c.o
 .glue_7t       0x000198ec        0x0 i2c1.o
 .glue_7t       0x000198ec        0x0 Common_WinARM/src/irq.o
 .glue_7t       0x000198ec        0x0 adc.o
 .glue_7t       0x000198ec        0x0 ssp.o
 .glue_7t       0x000198ec        0x0 pelican_ptu.o
 .glue_7t       0x000198ec        0x0 jetiTelemetry.o
 .glue_7t       0x000198ec        0x0 LPC2k_ee.o
 .glue_7t       0x000198ec        0x0 c:/asctec_arm_sdk/winarm/bin/../lib/gcc/arm-elf/4.1.1/../../../../arm-elf/lib/thumb/interwork\libc.a(memcpy.o)
 .glue_7t       0x000198ec        0x0 c:/asctec_arm_sdk/winarm/bin/../lib/gcc/arm-elf/4.1.1/../../../../arm-elf/lib/thumb/interwork\libc.a(sprintf.o)
 .glue_7t       0x000198ec        0x0 c:/asctec_arm_sdk/winarm/bin/../lib/gcc/arm-elf/4.1.1/../../../../arm-elf/lib/thumb/interwork\libc.a(strcpy.o)
 .glue_7t       0x000198ec        0x0 c:/asctec_arm_sdk/winarm/bin/../lib/gcc/arm-elf/4.1.1/../../../../arm-elf/lib/thumb/interwork\libc.a(strlen.o)
 .glue_7t       0x000198ec        0x0 c:/asctec_arm_sdk/winarm/bin/../lib/gcc/arm-elf/4.1.1/../../../../arm-elf/lib/thumb/interwork\libc.a(vfprintf.o)
 .glue_7t       0x000198ec        0x0 c:/asctec_arm_sdk/winarm/bin/../lib/gcc/arm-elf/4.1.1/../../../../arm-elf/lib/thumb/interwork\libc.a(wcrtomb.o)
 .glue_7t       0x000198ec        0x0 c:/asctec_arm_sdk/winarm/bin/../lib/gcc/arm-elf/4.1.1/../../../../arm-elf/lib/thumb/interwork\libc.a(wcsrtombs.o)
 .glue_7t       0x000198ec        0x0 c:/asctec_arm_sdk/winarm/bin/../lib/gcc/arm-elf/4.1.1/../../../../arm-elf/lib/thumb/interwork\libc.a(wctomb_r.o)
 .glue_7t       0x000198ec        0x0 c:/asctec_arm_sdk/winarm/bin/../lib/gcc/arm-elf/4.1.1/../../../../arm-elf/lib/thumb/interwork\libc.a(wsetup.o)
 .glue_7t       0x000198ec        0x0 c:/asctec_arm_sdk/winarm/bin/../lib/gcc/arm-elf/4.1.1/../../../../arm-elf/lib/thumb/interwork\libc.a(dtoa.o)
 .glue_7t       0x000198ec        0x0 c:/asctec_arm_sdk/winarm/bin/../lib/gcc/arm-elf/4.1.1/../../../../arm-elf/lib/thumb/interwork\libc.a(fflush.o)
 .glue_7t       0x000198ec        0x0 c:/asctec_arm_sdk/winarm/bin/../lib/gcc/arm-elf/4.1.1/../../../../arm-elf/lib/thumb/interwork\libc.a(findfp.o)
 .glue_7t       0x000198ec        0x0 c:/asctec_arm_sdk/winarm/bin/../lib/gcc/arm-elf/4.1.1/../../../../arm-elf/lib/thumb/interwork\libc.a(freer.o)
 .glue_7t       0x000198ec        0x0 c:/asctec_arm_sdk/winarm/bin/../lib/gcc/arm-elf/4.1.1/../../../../arm-elf/lib/thumb/interwork\libc.a(fvwrite.o)
 .glue_7t       0x000198ec        0x0 c:/asctec_arm_sdk/winarm/bin/../lib/gcc/arm-elf/4.1.1/../../../../arm-elf/lib/thumb/interwork\libc.a(fwalk.o)
 .glue_7t       0x000198ec        0x0 c:/asctec_arm_sdk/winarm/bin/../lib/gcc/arm-elf/4.1.1/../../../../arm-elf/lib/thumb/interwork\libc.a(impure.o)
 .glue_7t       0x000198ec        0x0 c:/asctec_arm_sdk/winarm/bin/../lib/gcc/arm-elf/4.1.1/../../../../arm-elf/lib/thumb/interwork\libc.a(locale.o)
 .glue_7t       0x000198ec        0x0 c:/asctec_arm_sdk/winarm/bin/../lib/gcc/arm-elf/4.1.1/../../../../arm-elf/lib/thumb/interwork\libc.a(makebuf.o)
 .glue_7t       0x000198ec        0x0 c:/asctec_arm_sdk/winarm/bin/../lib/gcc/arm-elf/4.1.1/../../../../arm-elf/lib/thumb/interwork\libc.a(mallocr.o)
 .glue_7t       0x000198ec        0x0 c:/asctec_arm_sdk/winarm/bin/../lib/gcc/arm-elf/4.1.1/../../../../arm-elf/lib/thumb/interwork\libc.a(memchr.o)
 .glue_7t       0x000198ec        0x0 c:/asctec_arm_sdk/winarm/bin/../lib/gcc/arm-elf/4.1.1/../../../../arm-elf/lib/thumb/interwork\libc.a(memmove.o)
 .glue_7t       0x000198ec        0x0 c:/asctec_arm_sdk/winarm/bin/../lib/gcc/arm-elf/4.1.1/../../../../arm-elf/lib/thumb/interwork\libc.a(memset.o)
 .glue_7t       0x000198ec        0x0 c:/asctec_arm_sdk/winarm/bin/../lib/gcc/arm-elf/4.1.1/../../../../arm-elf/lib/thumb/interwork\libc.a(mlock.o)
 .glue_7t       0x000198ec        0x0 c:/asctec_arm_sdk/winarm/bin/../lib/gcc/arm-elf/4.1.1/../../../../arm-elf/lib/thumb/interwork\libc.a(mprec.o)
 .glue_7t       0x000198ec        0x0 c:/asctec_arm_sdk/winarm/bin/../lib/gcc/arm-elf/4.1.1/../../../../arm-elf/lib/thumb/interwork\libc.a(reallocr.o)
 .glue_7t       0x000198ec        0x0 c:/asctec_arm_sdk/winarm/bin/../lib/gcc/arm-elf/4.1.1/../../../../arm-elf/lib/thumb/interwork\libc.a(s_isinf.o)
 .glue_7t       0x000198ec        0x0 c:/asctec_arm_sdk/winarm/bin/../lib/gcc/arm-elf/4.1.1/../../../../arm-elf/lib/thumb/interwork\libc.a(s_isnan.o)
 .glue_7t       0x000198ec        0x0 c:/asctec_arm_sdk/winarm/bin/../lib/gcc/arm-elf/4.1.1/../../../../arm-elf/lib/thumb/interwork\libc.a(stdio.o)
 .glue_7t       0x000198ec        0x0 c:/asctec_arm_sdk/winarm/bin/../lib/gcc/arm-elf/4.1.1/../../../../arm-elf/lib/thumb/interwork\libc.a(strcmp.o)
 .glue_7t       0x000198ec        0x0 c:/asctec_arm_sdk/winarm/bin/../lib/gcc/arm-elf/4.1.1/../../../../arm-elf/lib/thumb/interwork\libc.a(callocr.o)
 .glue_7t       0x000198ec        0x0 c:/asctec_arm_sdk/winarm/bin/../lib/gcc/arm-elf/4.1.1/../../../../arm-elf/lib/thumb/interwork\libc.a(fclose.o)
 .glue_7t       0x000198ec        0x0 c:/asctec_arm_sdk/winarm/bin/../lib/gcc/arm-elf/4.1.1/thumb/interwork\libgcc.a(_udivsi3.o)
 .glue_7t       0x000198ec        0x0 c:/asctec_arm_sdk/winarm/bin/../lib/gcc/arm-elf/4.1.1/thumb/interwork\libgcc.a(_divsi3.o)
 .glue_7t       0x000198ec        0x0 c:/asctec_arm_sdk/winarm/bin/../lib/gcc/arm-elf/4.1.1/thumb/interwork\libgcc.a(_umodsi3.o)
 .glue_7t       0x000198ec        0x0 c:/asctec_arm_sdk/winarm/bin/../lib/gcc/arm-elf/4.1.1/thumb/interwork\libgcc.a(_modsi3.o)
 .glue_7t       0x000198ec        0x0 c:/asctec_arm_sdk/winarm/bin/../lib/gcc/arm-elf/4.1.1/thumb/interwork\libgcc.a(_dvmd_tls.o)
 .glue_7t       0x000198ec        0x0 c:/asctec_arm_sdk/winarm/bin/../lib/gcc/arm-elf/4.1.1/thumb/interwork\libgcc.a(_addsubdf3.o)
 .glue_7t       0x000198ec        0x0 c:/asctec_arm_sdk/winarm/bin/../lib/gcc/arm-elf/4.1.1/thumb/interwork\libgcc.a(_muldivdf3.o)
 .glue_7t       0x000198ec        0x0 c:/asctec_arm_sdk/winarm/bin/../lib/gcc/arm-elf/4.1.1/thumb/interwork\libgcc.a(_cmpdf2.o)
 .glue_7t       0x000198ec        0x0 c:/asctec_arm_sdk/winarm/bin/../lib/gcc/arm-elf/4.1.1/thumb/interwork\libgcc.a(_fixdfsi.o)
 .glue_7t       0x000198ec        0x0 ./\libdeclination.a(declination.o)
 .glue_7t       0x000198ec        0x0 ./\libublox.a(ublox.o)
 .glue_7t       0x000198ec        0x0 c:/asctec_arm_sdk/winarm/bin/../lib/gcc/arm-elf/4.1.1/../../../../arm-elf/lib/thumb/interwork\libm.a(s_cos.o)
 .glue_7t       0x000198ec        0x0 c:/asctec_arm_sdk/winarm/bin/../lib/gcc/arm-elf/4.1.1/../../../../arm-elf/lib/thumb/interwork\libm.a(s_sin.o)
 .glue_7t       0x000198ec        0x0 c:/asctec_arm_sdk/winarm/bin/../lib/gcc/arm-elf/4.1.1/../../../../arm-elf/lib/thumb/interwork\libm.a(w_atan2.o)
 .glue_7t       0x000198ec        0x0 c:/asctec_arm_sdk/winarm/bin/../lib/gcc/arm-elf/4.1.1/../../../../arm-elf/lib/thumb/interwork\libm.a(w_sqrt.o)
 .glue_7t       0x000198ec        0x0 c:/asctec_arm_sdk/winarm/bin/../lib/gcc/arm-elf/4.1.1/../../../../arm-elf/lib/thumb/interwork\libm.a(e_atan2.o)
 .glue_7t       0x000198ec        0x0 c:/asctec_arm_sdk/winarm/bin/../lib/gcc/arm-elf/4.1.1/../../../../arm-elf/lib/thumb/interwork\libm.a(e_rem_pio2.o)
 .glue_7t       0x000198ec        0x0 c:/asctec_arm_sdk/winarm/bin/../lib/gcc/arm-elf/4.1.1/../../../../arm-elf/lib/thumb/interwork\libm.a(e_sqrt.o)
 .glue_7t       0x000198ec        0x0 c:/asctec_arm_sdk/winarm/bin/../lib/gcc/arm-elf/4.1.1/../../../../arm-elf/lib/thumb/interwork\libm.a(k_cos.o)
 .glue_7t       0x000198ec        0x0 c:/asctec_arm_sdk/winarm/bin/../lib/gcc/arm-elf/4.1.1/../../../../arm-elf/lib/thumb/interwork\libm.a(k_rem_pio2.o)
 .glue_7t       0x000198ec        0x0 c:/asctec_arm_sdk/winarm/bin/../lib/gcc/arm-elf/4.1.1/../../../../arm-elf/lib/thumb/interwork\libm.a(k_sin.o)
 .glue_7t       0x000198ec        0x0 c:/asctec_arm_sdk/winarm/bin/../lib/gcc/arm-elf/4.1.1/../../../../arm-elf/lib/thumb/interwork\libm.a(s_atan.o)
 .glue_7t       0x000198ec        0x0 c:/asctec_arm_sdk/winarm/bin/../lib/gcc/arm-elf/4.1.1/../../../../arm-elf/lib/thumb/interwork\libm.a(s_fabs.o)
 .glue_7t       0x000198ec        0x0 c:/asctec_arm_sdk/winarm/bin/../lib/gcc/arm-elf/4.1.1/../../../../arm-elf/lib/thumb/interwork\libm.a(s_floor.o)
 .glue_7t       0x000198ec        0x0 c:/asctec_arm_sdk/winarm/bin/../lib/gcc/arm-elf/4.1.1/../../../../arm-elf/lib/thumb/interwork\libm.a(s_lib_ver.o)
 .glue_7t       0x000198ec        0x0 c:/asctec_arm_sdk/winarm/bin/../lib/gcc/arm-elf/4.1.1/../../../../arm-elf/lib/thumb/interwork\libm.a(s_matherr.o)
 .glue_7t       0x000198ec        0x0 c:/asctec_arm_sdk/winarm/bin/../lib/gcc/arm-elf/4.1.1/../../../../arm-elf/lib/thumb/interwork\libm.a(s_scalbn.o)
 .glue_7t       0x000198ec        0x0 c:/asctec_arm_sdk/winarm/bin/../lib/gcc/arm-elf/4.1.1/../../../../arm-elf/lib/thumb/interwork\libm.a(s_copysign.o)
 .glue_7t       0x000198ec        0x0 c:/asctec_arm_sdk/winarm/bin/../lib/gcc/arm-elf/4.1.1/thumb/interwork\libgcc.a(_truncdfsf2.o)
 .glue_7t       0x000198ec        0x0 c:/asctec_arm_sdk/winarm/bin/../lib/gcc/arm-elf/4.1.1/thumb/interwork\libgcc.a(_addsubsf3.o)
 .glue_7t       0x000198ec        0x0 c:/asctec_arm_sdk/winarm/bin/../lib/gcc/arm-elf/4.1.1/thumb/interwork\libgcc.a(_muldivsf3.o)
 .glue_7t       0x000198ec        0x0 c:/asctec_arm_sdk/winarm/bin/../lib/gcc/arm-elf/4.1.1/thumb/interwork\libgcc.a(_cmpsf2.o)
 .glue_7t       0x000198ec        0x0 c:/asctec_arm_sdk/winarm/bin/../lib/gcc/arm-elf/4.1.1/thumb/interwork\libgcc.a(_fixsfsi.o)
 .glue_7t       0x000198ec       0x90 c:/asctec_arm_sdk/winarm/bin/../lib/gcc/arm-elf/4.1.1/../../../../arm-elf/lib/thumb/interwork\libg.a(errno.o)
                0x00019948                ___sbrk_r_change_to_arm
                0x00019974                ___read_r_from_thumb
                0x00019934                ____gtdf2_from_thumb
                0x00019914                ____subdf3_from_thumb
                0x000198f0                ____ltdf2_change_to_arm
                0x00019918                ____subdf3_change_to_arm
                0x00019940                ____gedf2_change_to_arm
                0x0001994c                ___fstat_r_from_thumb
                0x00019958                __isatty_change_to_arm
                0x000198fc                ____eqdf2_from_thumb
                0x00019960                ___close_r_change_to_arm
                0x00019978                ___read_r_change_to_arm
                0x00019924                ____fixdfsi_from_thumb
                0x00019930                ____divdf3_change_to_arm
                0x0001993c                ____gedf2_from_thumb
                0x00019950                ___fstat_r_change_to_arm
                0x00019920                ____muldf3_change_to_arm
                0x00019968                ___lseek_r_change_to_arm
                0x00019928                ____fixdfsi_change_to_arm
                0x0001992c                ____divdf3_from_thumb
                0x00019910                ____adddf3_change_to_arm
                0x00019938                ____gtdf2_change_to_arm
                0x00019970                ___write_r_change_to_arm
                0x00019964                ___lseek_r_from_thumb
                0x00019904                ____floatsidf_from_thumb
                0x000198ec                ____ltdf2_from_thumb
                0x000198f8                ____nedf2_change_to_arm
                0x0001990c                ____adddf3_from_thumb
                0x0001995c                ___close_r_from_thumb
                0x00019900                ____eqdf2_change_to_arm
                0x00019944                ___sbrk_r_from_thumb
                0x0001991c                ____muldf3_from_thumb
                0x000198f4                ____nedf2_from_thumb
                0x0001996c                ___write_r_from_thumb
                0x00019908                ____floatsidf_change_to_arm
                0x00019954                __isatty_from_thumb
 *(.gcc_except_table)
 *(.rodata)
 .rodata        0x0001997c        0x6 asctecCommIntfOnboard.o
 .rodata        0x00019982       0x24 buildInfoSetup.o
 *fill*         0x000199a6        0x2 00
 .rodata        0x000199a8     0x1374 main.o
 .rodata        0x0001ad1c      0x184 c:/asctec_arm_sdk/winarm/bin/../lib/gcc/arm-elf/4.1.1/../../../../arm-elf/lib/thumb/interwork\libc.a(vfprintf.o)
 .rodata        0x0001aea0       0x18 c:/asctec_arm_sdk/winarm/bin/../lib/gcc/arm-elf/4.1.1/../../../../arm-elf/lib/thumb/interwork\libc.a(dtoa.o)
 .rodata        0x0001aeb8        0x4 c:/asctec_arm_sdk/winarm/bin/../lib/gcc/arm-elf/4.1.1/../../../../arm-elf/lib/thumb/interwork\libc.a(impure.o)
                0x0001aeb8                _global_impure_ptr
 .rodata        0x0001aebc       0x34 c:/asctec_arm_sdk/winarm/bin/../lib/gcc/arm-elf/4.1.1/../../../../arm-elf/lib/thumb/interwork\libc.a(locale.o)
 .rodata        0x0001aef0      0x124 c:/asctec_arm_sdk/winarm/bin/../lib/gcc/arm-elf/4.1.1/../../../../arm-elf/lib/thumb/interwork\libc.a(mprec.o)
                0x0001afe0                __mprec_tinytens
                0x0001aef0                __mprec_tens
                0x0001afb8                __mprec_bigtens
 .rodata        0x0001b014       0xe2 ./\libublox.a(ublox.o)
 *fill*         0x0001b0f6        0x2 00
 .rodata        0x0001b0f8      0x188 c:/asctec_arm_sdk/winarm/bin/../lib/gcc/arm-elf/4.1.1/../../../../arm-elf/lib/thumb/interwork\libm.a(e_rem_pio2.o)
 .rodata        0x0001b280       0x50 c:/asctec_arm_sdk/winarm/bin/../lib/gcc/arm-elf/4.1.1/../../../../arm-elf/lib/thumb/interwork\libm.a(k_rem_pio2.o)
 .rodata        0x0001b2d0       0x40 c:/asctec_arm_sdk/winarm/bin/../lib/gcc/arm-elf/4.1.1/../../../../arm-elf/lib/thumb/interwork\libm.a(s_atan.o)
 .rodata        0x0001b310        0x4 c:/asctec_arm_sdk/winarm/bin/../lib/gcc/arm-elf/4.1.1/../../../../arm-elf/lib/thumb/interwork\libm.a(s_lib_ver.o)
                0x0001b310                __fdlib_version
 *(.rodata*)
 .rodata.str1.4
                0x0001b314      0x1ff sdk_telemetry.o
                                0x204 (size before relaxing)
 *fill*         0x0001b513        0x1 00
 .rodata.str1.4
                0x0001b514        0xc buildInfoSetup.o
 .rodata.str1.4
                0x0001b520       0x63 c:/asctec_arm_sdk/winarm/bin/../lib/gcc/arm-elf/4.1.1/../../../../arm-elf/lib/thumb/interwork\libc.a(vfprintf.o)
                                 0x64 (size before relaxing)
 *fill*         0x0001b583        0x1 00
 .rodata.str1.4
                0x0001b584       0x1e c:/asctec_arm_sdk/winarm/bin/../lib/gcc/arm-elf/4.1.1/../../../../arm-elf/lib/thumb/interwork\libc.a(wctomb_r.o)
                                 0x20 (size before relaxing)
 *fill*         0x0001b5a2        0x2 00
 .rodata.str1.4
                0x0001b5a4       0x10 c:/asctec_arm_sdk/winarm/bin/../lib/gcc/arm-elf/4.1.1/../../../../arm-elf/lib/thumb/interwork\libc.a(dtoa.o)
                                 0x14 (size before relaxing)
 .rodata.str1.4
                0x0001b5b4        0x2 c:/asctec_arm_sdk/winarm/bin/../lib/gcc/arm-elf/4.1.1/../../../../arm-elf/lib/thumb/interwork\libc.a(impure.o)
                                  0x4 (size before relaxing)
 *fill*         0x0001b5b6        0x2 00
 .rodata.str1.4
                0x0001b5b8        0xb c:/asctec_arm_sdk/winarm/bin/../lib/gcc/arm-elf/4.1.1/../../../../arm-elf/lib/thumb/interwork\libc.a(locale.o)
                                 0x18 (size before relaxing)
 *fill*         0x0001b5c3        0x1 00
 .rodata.str1.4
                0x0001b5c4        0x6 c:/asctec_arm_sdk/winarm/bin/../lib/gcc/arm-elf/4.1.1/../../../../arm-elf/lib/thumb/interwork\libm.a(w_atan2.o)
                                  0x8 (size before relaxing)
 *fill*         0x0001b5ca        0x2 00
 .rodata.str1.4
                0x0001b5cc        0x8 c:/asctec_arm_sdk/winarm/bin/../lib/gcc/arm-elf/4.1.1/../../../../arm-elf/lib/thumb/interwork\libm.a(w_sqrt.o)
 *(.gnu.linkonce.r.*)
                0x0001b5d4                . = ALIGN (0x4)
                0x0001b5d4                . = ALIGN (0x4)

.ctors          0x0001b5d4        0x0
                0x0001b5d4                PROVIDE (__ctors_start__, .)
 *(SORT(.ctors.*))
 *(.ctors)
                0x0001b5d4                . = ALIGN (0x4)
                0x0001b5d4                PROVIDE (__ctors_end__, .)
                0x0001b5d4                . = ALIGN (0x4)

.dtors          0x0001b5d4        0x0
                0x0001b5d4                PROVIDE (__dtors_start__, .)
 *(SORT(.dtors.*))
 *(.dtors)
                0x0001b5d4                . = ALIGN (0x4)
                0x0001b5d4                PROVIDE (__dtors_end__, .)
                0x0001b5d4                . = ALIGN (0x4)
                0x0001b5d4                . = ALIGN (0x4)
                0x0001b5d4                _etext = .
                0x0001b5d4                PROVIDE (etext, .)

.data           0x40000000      0xda8 load address 0x0001b5d4
                0x40000000                _data = .
 *(.vectmapped)
                0x40000000                . = ALIGN (0x4)
 *(.fastrun)
                0x40000000                . = ALIGN (0x4)
                0x40000000                . = ALIGN (0x4)
 *(.data)
 .data          0x40000000        0x0 Common_WinARM/src/Startup.o
 .data          0x40000000        0x0 Common_WinARM/src/swi_handler.o
 .data          0x40000000        0x0 LL_HL_comm.o
 .data          0x40000000        0x0 mymath.o
 .data          0x40000000        0x0 gpsmath.o
 .data          0x40000000        0x0 sdk.o
 .data          0x40000000        0x0 sdk_telemetry.o
 .data          0x40000000        0xc buzzer.o
                0x40000004                ALARM_battery_warning_voltage_low
                0x40000002                ALARM_battery_warning_voltage_high
                0x40000000                buzzer_warnings
 .data          0x4000000c        0x0 lpc_aci_eeprom.o
 .data          0x4000000c       0x14 asctecCommIntfOnboard.o
                0x4000000c                aciVarPacketTransmissionRate
                0x4000001e                aciMagicCodePar
                0x40000012                entry_exist
                0x4000001c                aciMagicCodeCmd
                0x40000018                aciHeartBeatTimeout
                0x4000001a                aciMagicCodeVar
                0x40000014                aciEngineRate
 .data          0x40000020        0x0 buildInfoSetup.o
 .data          0x40000020        0x3 main.o
                0x40000020                DataOutputsPerSecond
                0x40000021                PTU_cam_option_4_version
 .data          0x40000023        0x0 hardware.o
 .data          0x40000023        0x0 system.o
 .data          0x40000023        0x7 uart.o
                0x40000027                stopstring
                0x40000024                startstring
                0x40000023                chksum_trigger
 .data          0x4000002a        0x0 syscalls.o
 .data          0x4000002a        0x0 i2c.o
 .data          0x4000002a        0x0 i2c1.o
 .data          0x4000002a        0x0 Common_WinARM/src/irq.o
 .data          0x4000002a        0x0 adc.o
 .data          0x4000002a        0x3 ssp.o
                0x4000002b                SSP_receiption_complete
                0x4000002c                data_sent_to_HL
                0x4000002a                data_sent_to_LL
 .data          0x4000002d        0x0 pelican_ptu.o
 .data          0x4000002d        0x0 jetiTelemetry.o
 .data          0x4000002d        0x0 LPC2k_ee.o
 .data          0x4000002d        0x0 c:/asctec_arm_sdk/winarm/bin/../lib/gcc/arm-elf/4.1.1/../../../../arm-elf/lib/thumb/interwork\libc.a(memcpy.o)
 .data          0x4000002d        0x0 c:/asctec_arm_sdk/winarm/bin/../lib/gcc/arm-elf/4.1.1/../../../../arm-elf/lib/thumb/interwork\libc.a(sprintf.o)
 .data          0x4000002d        0x0 c:/asctec_arm_sdk/winarm/bin/../lib/gcc/arm-elf/4.1.1/../../../../arm-elf/lib/thumb/interwork\libc.a(strcpy.o)
 .data          0x4000002d        0x0 c:/asctec_arm_sdk/winarm/bin/../lib/gcc/arm-elf/4.1.1/../../../../arm-elf/lib/thumb/interwork\libc.a(strlen.o)
 .data          0x4000002d        0x0 c:/asctec_arm_sdk/winarm/bin/../lib/gcc/arm-elf/4.1.1/../../../../arm-elf/lib/thumb/interwork\libc.a(vfprintf.o)
 .data          0x4000002d        0x0 c:/asctec_arm_sdk/winarm/bin/../lib/gcc/arm-elf/4.1.1/../../../../arm-elf/lib/thumb/interwork\libc.a(wcrtomb.o)
 .data          0x4000002d        0x0 c:/asctec_arm_sdk/winarm/bin/../lib/gcc/arm-elf/4.1.1/../../../../arm-elf/lib/thumb/interwork\libc.a(wcsrtombs.o)
 .data          0x4000002d        0x0 c:/asctec_arm_sdk/winarm/bin/../lib/gcc/arm-elf/4.1.1/../../../../arm-elf/lib/thumb/interwork\libc.a(wctomb_r.o)
 .data          0x4000002d        0x0 c:/asctec_arm_sdk/winarm/bin/../lib/gcc/arm-elf/4.1.1/../../../../arm-elf/lib/thumb/interwork\libc.a(wsetup.o)
 .data          0x4000002d        0x0 c:/asctec_arm_sdk/winarm/bin/../lib/gcc/arm-elf/4.1.1/../../../../arm-elf/lib/thumb/interwork\libc.a(dtoa.o)
 .data          0x4000002d        0x0 c:/asctec_arm_sdk/winarm/bin/../lib/gcc/arm-elf/4.1.1/../../../../arm-elf/lib/thumb/interwork\libc.a(fflush.o)
 .data          0x4000002d        0x0 c:/asctec_arm_sdk/winarm/bin/../lib/gcc/arm-elf/4.1.1/../../../../arm-elf/lib/thumb/interwork\libc.a(findfp.o)
 .data          0x4000002d        0x0 c:/asctec_arm_sdk/winarm/bin/../lib/gcc/arm-elf/4.1.1/../../../../arm-elf/lib/thumb/interwork\libc.a(freer.o)
 .data          0x4000002d        0x0 c:/asctec_arm_sdk/winarm/bin/../lib/gcc/arm-elf/4.1.1/../../../../arm-elf/lib/thumb/interwork\libc.a(fvwrite.o)
 .data          0x4000002d        0x0 c:/asctec_arm_sdk/winarm/bin/../lib/gcc/arm-elf/4.1.1/../../../../arm-elf/lib/thumb/interwork\libc.a(fwalk.o)
 *fill*         0x4000002d        0x3 00
 .data          0x40000030      0x404 c:/asctec_arm_sdk/winarm/bin/../lib/gcc/arm-elf/4.1.1/../../../../arm-elf/lib/thumb/interwork\libc.a(impure.o)
                0x40000030                _impure_ptr
 .data          0x40000434       0x10 c:/asctec_arm_sdk/winarm/bin/../lib/gcc/arm-elf/4.1.1/../../../../arm-elf/lib/thumb/interwork\libc.a(locale.o)
                0x40000434                __mb_cur_max
                0x40000438                __lc_ctype
 .data          0x40000444        0x0 c:/asctec_arm_sdk/winarm/bin/../lib/gcc/arm-elf/4.1.1/../../../../arm-elf/lib/thumb/interwork\libc.a(makebuf.o)
 .data          0x40000444      0x410 c:/asctec_arm_sdk/winarm/bin/../lib/gcc/arm-elf/4.1.1/../../../../arm-elf/lib/thumb/interwork\libc.a(mallocr.o)
                0x40000850                __malloc_sbrk_base
                0x40000444                __malloc_av_
                0x4000084c                __malloc_trim_threshold
 .data          0x40000854        0x0 c:/asctec_arm_sdk/winarm/bin/../lib/gcc/arm-elf/4.1.1/../../../../arm-elf/lib/thumb/interwork\libc.a(memchr.o)
 .data          0x40000854        0x0 c:/asctec_arm_sdk/winarm/bin/../lib/gcc/arm-elf/4.1.1/../../../../arm-elf/lib/thumb/interwork\libc.a(memmove.o)
 .data          0x40000854        0x0 c:/asctec_arm_sdk/winarm/bin/../lib/gcc/arm-elf/4.1.1/../../../../arm-elf/lib/thumb/interwork\libc.a(memset.o)
 .data          0x40000854        0x0 c:/asctec_arm_sdk/winarm/bin/../lib/gcc/arm-elf/4.1.1/../../../../arm-elf/lib/thumb/interwork\libc.a(mlock.o)
 .data          0x40000854        0x0 c:/asctec_arm_sdk/winarm/bin/../lib/gcc/arm-elf/4.1.1/../../../../arm-elf/lib/thumb/interwork\libc.a(mprec.o)
 .data          0x40000854        0x0 c:/asctec_arm_sdk/winarm/bin/../lib/gcc/arm-elf/4.1.1/../../../../arm-elf/lib/thumb/interwork\libc.a(reallocr.o)
 .data          0x40000854        0x0 c:/asctec_arm_sdk/winarm/bin/../lib/gcc/arm-elf/4.1.1/../../../../arm-elf/lib/thumb/interwork\libc.a(s_isinf.o)
 .data          0x40000854        0x0 c:/asctec_arm_sdk/winarm/bin/../lib/gcc/arm-elf/4.1.1/../../../../arm-elf/lib/thumb/interwork\libc.a(s_isnan.o)
 .data          0x40000854        0x0 c:/asctec_arm_sdk/winarm/bin/../lib/gcc/arm-elf/4.1.1/../../../../arm-elf/lib/thumb/interwork\libc.a(stdio.o)
 .data          0x40000854        0x0 c:/asctec_arm_sdk/winarm/bin/../lib/gcc/arm-elf/4.1.1/../../../../arm-elf/lib/thumb/interwork\libc.a(strcmp.o)
 .data          0x40000854        0x0 c:/asctec_arm_sdk/winarm/bin/../lib/gcc/arm-elf/4.1.1/../../../../arm-elf/lib/thumb/interwork\libc.a(callocr.o)
 .data          0x40000854        0x0 c:/asctec_arm_sdk/winarm/bin/../lib/gcc/arm-elf/4.1.1/../../../../arm-elf/lib/thumb/interwork\libc.a(fclose.o)
 .data          0x40000854        0x0 c:/asctec_arm_sdk/winarm/bin/../lib/gcc/arm-elf/4.1.1/thumb/interwork\libgcc.a(_udivsi3.o)
 .data          0x40000854        0x0 c:/asctec_arm_sdk/winarm/bin/../lib/gcc/arm-elf/4.1.1/thumb/interwork\libgcc.a(_divsi3.o)
 .data          0x40000854        0x0 c:/asctec_arm_sdk/winarm/bin/../lib/gcc/arm-elf/4.1.1/thumb/interwork\libgcc.a(_umodsi3.o)
 .data          0x40000854        0x0 c:/asctec_arm_sdk/winarm/bin/../lib/gcc/arm-elf/4.1.1/thumb/interwork\libgcc.a(_modsi3.o)
 .data          0x40000854        0x0 c:/asctec_arm_sdk/winarm/bin/../lib/gcc/arm-elf/4.1.1/thumb/interwork\libgcc.a(_dvmd_tls.o)
 .data          0x40000854        0x0 c:/asctec_arm_sdk/winarm/bin/../lib/gcc/arm-elf/4.1.1/thumb/interwork\libgcc.a(_addsubdf3.o)
 .data          0x40000854        0x0 c:/asctec_arm_sdk/winarm/bin/../lib/gcc/arm-elf/4.1.1/thumb/interwork\libgcc.a(_muldivdf3.o)
 .data          0x40000854        0x0 c:/asctec_arm_sdk/winarm/bin/../lib/gcc/arm-elf/4.1.1/thumb/interwork\libgcc.a(_cmpdf2.o)
 .data          0x40000854        0x0 c:/asctec_arm_sdk/winarm/bin/../lib/gcc/arm-elf/4.1.1/thumb/interwork\libgcc.a(_fixdfsi.o)
 .data          0x40000854      0x54c ./\libdeclination.a(declination.o)
 .data          0x40000da0        0x8 ./\libublox.a(ublox.o)
                0x40000da0                gpsLEDTrigger
 .data          0x40000da8        0x0 c:/asctec_arm_sdk/winarm/bin/../lib/gcc/arm-elf/4.1.1/../../../../arm-elf/lib/thumb/interwork\libm.a(s_cos.o)
 .data          0x40000da8        0x0 c:/asctec_arm_sdk/winarm/bin/../lib/gcc/arm-elf/4.1.1/../../../../arm-elf/lib/thumb/interwork\libm.a(s_sin.o)
 .data          0x40000da8        0x0 c:/asctec_arm_sdk/winarm/bin/../lib/gcc/arm-elf/4.1.1/../../../../arm-elf/lib/thumb/interwork\libm.a(w_atan2.o)
 .data          0x40000da8        0x0 c:/asctec_arm_sdk/winarm/bin/../lib/gcc/arm-elf/4.1.1/../../../../arm-elf/lib/thumb/interwork\libm.a(w_sqrt.o)
 .data          0x40000da8        0x0 c:/asctec_arm_sdk/winarm/bin/../lib/gcc/arm-elf/4.1.1/../../../../arm-elf/lib/thumb/interwork\libm.a(e_atan2.o)
 .data          0x40000da8        0x0 c:/asctec_arm_sdk/winarm/bin/../lib/gcc/arm-elf/4.1.1/../../../../arm-elf/lib/thumb/interwork\libm.a(e_rem_pio2.o)
 .data          0x40000da8        0x0 c:/asctec_arm_sdk/winarm/bin/../lib/gcc/arm-elf/4.1.1/../../../../arm-elf/lib/thumb/interwork\libm.a(e_sqrt.o)
 .data          0x40000da8        0x0 c:/asctec_arm_sdk/winarm/bin/../lib/gcc/arm-elf/4.1.1/../../../../arm-elf/lib/thumb/interwork\libm.a(k_cos.o)
 .data          0x40000da8        0x0 c:/asctec_arm_sdk/winarm/bin/../lib/gcc/arm-elf/4.1.1/../../../../arm-elf/lib/thumb/interwork\libm.a(k_rem_pio2.o)
 .data          0x40000da8        0x0 c:/asctec_arm_sdk/winarm/bin/../lib/gcc/arm-elf/4.1.1/../../../../arm-elf/lib/thumb/interwork\libm.a(k_sin.o)
 .data          0x40000da8        0x0 c:/asctec_arm_sdk/winarm/bin/../lib/gcc/arm-elf/4.1.1/../../../../arm-elf/lib/thumb/interwork\libm.a(s_atan.o)
 .data          0x40000da8        0x0 c:/asctec_arm_sdk/winarm/bin/../lib/gcc/arm-elf/4.1.1/../../../../arm-elf/lib/thumb/interwork\libm.a(s_fabs.o)
 .data          0x40000da8        0x0 c:/asctec_arm_sdk/winarm/bin/../lib/gcc/arm-elf/4.1.1/../../../../arm-elf/lib/thumb/interwork\libm.a(s_floor.o)
 .data          0x40000da8        0x0 c:/asctec_arm_sdk/winarm/bin/../lib/gcc/arm-elf/4.1.1/../../../../arm-elf/lib/thumb/interwork\libm.a(s_lib_ver.o)
 .data          0x40000da8        0x0 c:/asctec_arm_sdk/winarm/bin/../lib/gcc/arm-elf/4.1.1/../../../../arm-elf/lib/thumb/interwork\libm.a(s_matherr.o)
 .data          0x40000da8        0x0 c:/asctec_arm_sdk/winarm/bin/../lib/gcc/arm-elf/4.1.1/../../../../arm-elf/lib/thumb/interwork\libm.a(s_scalbn.o)
 .data          0x40000da8        0x0 c:/asctec_arm_sdk/winarm/bin/../lib/gcc/arm-elf/4.1.1/../../../../arm-elf/lib/thumb/interwork\libm.a(s_copysign.o)
 .data          0x40000da8        0x0 c:/asctec_arm_sdk/winarm/bin/../lib/gcc/arm-elf/4.1.1/thumb/interwork\libgcc.a(_truncdfsf2.o)
 .data          0x40000da8        0x0 c:/asctec_arm_sdk/winarm/bin/../lib/gcc/arm-elf/4.1.1/thumb/interwork\libgcc.a(_addsubsf3.o)
 .data          0x40000da8        0x0 c:/asctec_arm_sdk/winarm/bin/../lib/gcc/arm-elf/4.1.1/thumb/interwork\libgcc.a(_muldivsf3.o)
 .data          0x40000da8        0x0 c:/asctec_arm_sdk/winarm/bin/../lib/gcc/arm-elf/4.1.1/thumb/interwork\libgcc.a(_cmpsf2.o)
 .data          0x40000da8        0x0 c:/asctec_arm_sdk/winarm/bin/../lib/gcc/arm-elf/4.1.1/thumb/interwork\libgcc.a(_fixsfsi.o)
 .data          0x40000da8        0x0 c:/asctec_arm_sdk/winarm/bin/../lib/gcc/arm-elf/4.1.1/../../../../arm-elf/lib/thumb/interwork\libg.a(errno.o)
 *(.data.*)
 *(.gnu.linkonce.d*)
                0x40000da8                . = ALIGN (0x4)
                0x40000da8                . = ALIGN (0x4)
                0x40000da8                _edata = .
                0x40000da8                PROVIDE (edata, .)

.bss            0x40000da8     0x480c
                0x40000da8                __bss_start = .
                0x40000da8                __bss_start__ = .
 *(.bss)
 .bss           0x40000da8        0x0 Common_WinARM/src/Startup.o
 .bss           0x40000da8        0x0 Common_WinARM/src/swi_handler.o
 .bss           0x40000da8       0x24 LL_HL_comm.o
                0x40000db2                transmitBuildInfoTrigger
                0x40000dae                wpCtrlNavStatus
                0x40000dac                wpCtrlAckTrigger
                0x40000dab                wpCtrlWpCmdUpdated
                0x40000db0                wpCtrlDistToWp
                0x40000daa                wpCtrlWpCmd
                0x40000da8                SSP_ack
 .bss           0x40000dcc        0x0 mymath.o
 .bss           0x40000dcc        0x4 gpsmath.o
                0x40000dcc                gpsDataOkTrigger
 .bss           0x40000dd0       0x2c sdk.o
                0x40000dd4                lock_flag
                0x40000dd1                wpExampleActive
                0x40000dd2                emergencyModeUpdate
                0x40000dd0                wpExampleWpNr
 .bss           0x40000dfc        0x3 sdk_telemetry.o
 *fill*         0x40000dff        0x1 00
 .bss           0x40000e00       0x14 buzzer.o
 .bss           0x40000e14        0x4 lpc_aci_eeprom.o
                0x40000e14                anz_param_saved
 .bss           0x40000e18       0x74 asctecCommIntfOnboard.o
                0x40000e64                aciHeartBeatCnt
                0x40000e70                aciAddDatatoFlashCallback
                0x40000e1c                aciListCmdCount
                0x40000e46                aciParPacketMagicCode
                0x40000e80                aciSendSingleCount
                0x40000e6c                aciReadWriteEndCallback
                0x40000e3a                aciCmdPacketMagicCode
                0x40000e74                aciReadParafromFlashCallback
                0x40000e66                aciInhibitPacketTransmission
                0x40000e18                aciListVarCount
                0x40000e3d                aciCmdPacketWithACK
                0x40000e62                aciTxRingBufferReadPtr
                0x40000e40                aciCmdPacketSendAck
                0x40000e82                aciSendSingleNextBufferCount
                0x40000e54                aciEngineRateCounter
                0x40000e43                aciCmdPacketReceived
                0x40000e68                aciReadWriteStartCallback
                0x40000e20                aciListParCount
                0x40000e28                aciVarPacketCurrentSize
                0x40000e52                aciParamSaveIt
                0x40000e49                aciParPacketSendAck
                0x40000e2e                aciVarPacketNumberOfVars
                0x40000e60                aciTxRingBufferWritePtr
                0x40000e24                aciVarPacketMagicCode
                0x40000e34                aciVarPacketUpdated
                0x40000e7c                aciWriteParatoFlashCallback
                0x40000e4c                aciParamPacketReceived
                0x40000e4f                aciParPacketRequest
                0x40000e78                aciSaveParaCallback
 .bss           0x40000e8c        0x0 buildInfoSetup.o
 .bss           0x40000e8c       0x28 main.o
                0x40000e9c                GPS_timeout
                0x40000e90                cnt
                0x40000e94                mainloop_cnt
                0x40000ea5                fireflyLedEnabled
                0x40000e8c                int_cnt
                0x40000ea4                SYSTEM_initialized
                0x40000ea0                trigger_cnt
                0x40000e98                mainloop_trigger
                0x40000ea6                mainloop_overflows
 .bss           0x40000eb4        0x0 hardware.o
 .bss           0x40000eb4        0x0 system.o
 .bss           0x40000eb4      0x32c uart.o
                0x40000ebb                UART1_syncstate
                0x40000eb9                baudrate1_change
                0x40000eb6                transmission_running
                0x40000eb8                trigger_transmission
                0x40000ec0                UART1_rxcount
                0x40000eb4                data_requested
                0x40000eb5                chksum_to_check
                0x40000ebc                UART_rxcount
                0x40000eba                UART_syncstate
                0x40000eb7                transmission1_running
                0x40000ec4                UART_CalibDoneFlag
 .bss           0x400011e0        0x4 syscalls.o
 .bss           0x400011e4       0x14 i2c.o
                0x400011f0                RdIndex
                0x400011e4                I2CMasterState
                0x400011e8                I2CSlaveState
                0x400011ec                I2CCount
                0x400011f4                WrIndex
 .bss           0x400011f8       0x14 i2c1.o
                0x40001200                WrIndex1
                0x400011fc                I2C1Count
                0x400011f8                I2C1MasterState
                0x40001204                lastI2c1Error
 .bss           0x4000120c        0x0 Common_WinARM/src/irq.o
 .bss           0x4000120c        0x8 adc.o
                0x40001210                ADC1IntDone
                0x4000120c                ADC0IntDone
 .bss           0x40001214        0x4 ssp.o
                0x40001214                SSP_trans_cnt
 .bss           0x40001218       0x24 pelican_ptu.o
                0x40001220                PTU_enable_plain_ch7_to_servo
                0x40001218                PTU_cam_angle_roll_offset
                0x4000121c                PTU_cam_angle_pitch_offset
 .bss           0x4000123c        0x5 jetiTelemetry.o
                0x4000123e                jetiTriggerTextSync
                0x40001240                jetiKey
                0x4000123d                jetiAlarmType
                0x4000123f                jetiKeyChanged
                0x4000123c                jetiAlarm
 .bss           0x40001241        0x0 LPC2k_ee.o
 .bss           0x40001241        0x0 c:/asctec_arm_sdk/winarm/bin/../lib/gcc/arm-elf/4.1.1/../../../../arm-elf/lib/thumb/interwork\libc.a(memcpy.o)
 .bss           0x40001241        0x0 c:/asctec_arm_sdk/winarm/bin/../lib/gcc/arm-elf/4.1.1/../../../../arm-elf/lib/thumb/interwork\libc.a(sprintf.o)
 .bss           0x40001241        0x0 c:/asctec_arm_sdk/winarm/bin/../lib/gcc/arm-elf/4.1.1/../../../../arm-elf/lib/thumb/interwork\libc.a(strcpy.o)
 .bss           0x40001241        0x0 c:/asctec_arm_sdk/winarm/bin/../lib/gcc/arm-elf/4.1.1/../../../../arm-elf/lib/thumb/interwork\libc.a(strlen.o)
 .bss           0x40001241        0x0 c:/asctec_arm_sdk/winarm/bin/../lib/gcc/arm-elf/4.1.1/../../../../arm-elf/lib/thumb/interwork\libc.a(vfprintf.o)
 .bss           0x40001241        0x0 c:/asctec_arm_sdk/winarm/bin/../lib/gcc/arm-elf/4.1.1/../../../../arm-elf/lib/thumb/interwork\libc.a(wcrtomb.o)
 .bss           0x40001241        0x0 c:/asctec_arm_sdk/winarm/bin/../lib/gcc/arm-elf/4.1.1/../../../../arm-elf/lib/thumb/interwork\libc.a(wcsrtombs.o)
 .bss           0x40001241        0x0 c:/asctec_arm_sdk/winarm/bin/../lib/gcc/arm-elf/4.1.1/../../../../arm-elf/lib/thumb/interwork\libc.a(wctomb_r.o)
 .bss           0x40001241        0x0 c:/asctec_arm_sdk/winarm/bin/../lib/gcc/arm-elf/4.1.1/../../../../arm-elf/lib/thumb/interwork\libc.a(wsetup.o)
 .bss           0x40001241        0x0 c:/asctec_arm_sdk/winarm/bin/../lib/gcc/arm-elf/4.1.1/../../../../arm-elf/lib/thumb/interwork\libc.a(dtoa.o)
 .bss           0x40001241        0x0 c:/asctec_arm_sdk/winarm/bin/../lib/gcc/arm-elf/4.1.1/../../../../arm-elf/lib/thumb/interwork\libc.a(fflush.o)
 .bss           0x40001241        0x0 c:/asctec_arm_sdk/winarm/bin/../lib/gcc/arm-elf/4.1.1/../../../../arm-elf/lib/thumb/interwork\libc.a(findfp.o)
 .bss           0x40001241        0x0 c:/asctec_arm_sdk/winarm/bin/../lib/gcc/arm-elf/4.1.1/../../../../arm-elf/lib/thumb/interwork\libc.a(freer.o)
 .bss           0x40001241        0x0 c:/asctec_arm_sdk/winarm/bin/../lib/gcc/arm-elf/4.1.1/../../../../arm-elf/lib/thumb/interwork\libc.a(fvwrite.o)
 .bss           0x40001241        0x0 c:/asctec_arm_sdk/winarm/bin/../lib/gcc/arm-elf/4.1.1/../../../../arm-elf/lib/thumb/interwork\libc.a(fwalk.o)
 .bss           0x40001241        0x0 c:/asctec_arm_sdk/winarm/bin/../lib/gcc/arm-elf/4.1.1/../../../../arm-elf/lib/thumb/interwork\libc.a(impure.o)
 *fill*         0x40001241        0x3 00
 .bss           0x40001244        0xc c:/asctec_arm_sdk/winarm/bin/../lib/gcc/arm-elf/4.1.1/../../../../arm-elf/lib/thumb/interwork\libc.a(locale.o)
                0x40001244                __nlocale_changed
                0x40001248                __mlocale_changed
                0x4000124c                _PathLocale
 .bss           0x40001250        0x0 c:/asctec_arm_sdk/winarm/bin/../lib/gcc/arm-elf/4.1.1/../../../../arm-elf/lib/thumb/interwork\libc.a(makebuf.o)
 .bss           0x40001250       0x34 c:/asctec_arm_sdk/winarm/bin/../lib/gcc/arm-elf/4.1.1/../../../../arm-elf/lib/thumb/interwork\libc.a(mallocr.o)
                0x40001250                __malloc_top_pad
                0x40001254                __malloc_max_sbrked_mem
                0x4000125c                __malloc_current_mallinfo
                0x40001258                __malloc_max_total_mem
 .bss           0x40001284        0x0 c:/asctec_arm_sdk/winarm/bin/../lib/gcc/arm-elf/4.1.1/../../../../arm-elf/lib/thumb/interwork\libc.a(memchr.o)
 .bss           0x40001284        0x0 c:/asctec_arm_sdk/winarm/bin/../lib/gcc/arm-elf/4.1.1/../../../../arm-elf/lib/thumb/interwork\libc.a(memmove.o)
 .bss           0x40001284        0x0 c:/asctec_arm_sdk/winarm/bin/../lib/gcc/arm-elf/4.1.1/../../../../arm-elf/lib/thumb/interwork\libc.a(memset.o)
 .bss           0x40001284        0x0 c:/asctec_arm_sdk/winarm/bin/../lib/gcc/arm-elf/4.1.1/../../../../arm-elf/lib/thumb/interwork\libc.a(mlock.o)
 .bss           0x40001284        0x0 c:/asctec_arm_sdk/winarm/bin/../lib/gcc/arm-elf/4.1.1/../../../../arm-elf/lib/thumb/interwork\libc.a(mprec.o)
 .bss           0x40001284        0x0 c:/asctec_arm_sdk/winarm/bin/../lib/gcc/arm-elf/4.1.1/../../../../arm-elf/lib/thumb/interwork\libc.a(reallocr.o)
 .bss           0x40001284        0x0 c:/asctec_arm_sdk/winarm/bin/../lib/gcc/arm-elf/4.1.1/../../../../arm-elf/lib/thumb/interwork\libc.a(s_isinf.o)
 .bss           0x40001284        0x0 c:/asctec_arm_sdk/winarm/bin/../lib/gcc/arm-elf/4.1.1/../../../../arm-elf/lib/thumb/interwork\libc.a(s_isnan.o)
 .bss           0x40001284        0x0 c:/asctec_arm_sdk/winarm/bin/../lib/gcc/arm-elf/4.1.1/../../../../arm-elf/lib/thumb/interwork\libc.a(stdio.o)
 .bss           0x40001284        0x0 c:/asctec_arm_sdk/winarm/bin/../lib/gcc/arm-elf/4.1.1/../../../../arm-elf/lib/thumb/interwork\libc.a(strcmp.o)
 .bss           0x40001284        0x0 c:/asctec_arm_sdk/winarm/bin/../lib/gcc/arm-elf/4.1.1/../../../../arm-elf/lib/thumb/interwork\libc.a(callocr.o)
 .bss           0x40001284        0x0 c:/asctec_arm_sdk/winarm/bin/../lib/gcc/arm-elf/4.1.1/../../../../arm-elf/lib/thumb/interwork\libc.a(fclose.o)
 .bss           0x40001284        0x0 c:/asctec_arm_sdk/winarm/bin/../lib/gcc/arm-elf/4.1.1/thumb/interwork\libgcc.a(_udivsi3.o)
 .bss           0x40001284        0x0 c:/asctec_arm_sdk/winarm/bin/../lib/gcc/arm-elf/4.1.1/thumb/interwork\libgcc.a(_divsi3.o)
 .bss           0x40001284        0x0 c:/asctec_arm_sdk/winarm/bin/../lib/gcc/arm-elf/4.1.1/thumb/interwork\libgcc.a(_umodsi3.o)
 .bss           0x40001284        0x0 c:/asctec_arm_sdk/winarm/bin/../lib/gcc/arm-elf/4.1.1/thumb/interwork\libgcc.a(_modsi3.o)
 .bss           0x40001284        0x0 c:/asctec_arm_sdk/winarm/bin/../lib/gcc/arm-elf/4.1.1/thumb/interwork\libgcc.a(_dvmd_tls.o)
 .bss           0x40001284        0x0 c:/asctec_arm_sdk/winarm/bin/../lib/gcc/arm-elf/4.1.1/thumb/interwork\libgcc.a(_addsubdf3.o)
 .bss           0x40001284        0x0 c:/asctec_arm_sdk/winarm/bin/../lib/gcc/arm-elf/4.1.1/thumb/interwork\libgcc.a(_muldivdf3.o)
 .bss           0x40001284        0x0 c:/asctec_arm_sdk/winarm/bin/../lib/gcc/arm-elf/4.1.1/thumb/interwork\libgcc.a(_cmpdf2.o)
 .bss           0x40001284        0x0 c:/asctec_arm_sdk/winarm/bin/../lib/gcc/arm-elf/4.1.1/thumb/interwork\libgcc.a(_fixdfsi.o)
 .bss           0x40001284      0xcc4 ./\libdeclination.a(declination.o)
                0x40001284                estimatedDeclination
                0x40001288                estimatedInclination
                0x4000128c                declinationAvailable
 .bss           0x40001f48       0x28 ./\libublox.a(ublox.o)
                0x40001f54                urVersionCheck
                0x40001f52                urAckId
                0x40001f56                urMsgCnt
                0x40001f48                urTimeCnt
                0x40001f58                ubloxVersion
                0x40001f50                urAckReceived
                0x40001f53                urConfigMessageReceived
                0x40001f4c                GPS_raw_data_size
                0x40001f51                urAckClass
 .bss           0x40001f70        0x0 c:/asctec_arm_sdk/winarm/bin/../lib/gcc/arm-elf/4.1.1/../../../../arm-elf/lib/thumb/interwork\libm.a(s_cos.o)
 .bss           0x40001f70        0x0 c:/asctec_arm_sdk/winarm/bin/../lib/gcc/arm-elf/4.1.1/../../../../arm-elf/lib/thumb/interwork\libm.a(s_sin.o)
 .bss           0x40001f70        0x0 c:/asctec_arm_sdk/winarm/bin/../lib/gcc/arm-elf/4.1.1/../../../../arm-elf/lib/thumb/interwork\libm.a(w_atan2.o)
 .bss           0x40001f70        0x0 c:/asctec_arm_sdk/winarm/bin/../lib/gcc/arm-elf/4.1.1/../../../../arm-elf/lib/thumb/interwork\libm.a(w_sqrt.o)
 .bss           0x40001f70        0x0 c:/asctec_arm_sdk/winarm/bin/../lib/gcc/arm-elf/4.1.1/../../../../arm-elf/lib/thumb/interwork\libm.a(e_atan2.o)
 .bss           0x40001f70        0x0 c:/asctec_arm_sdk/winarm/bin/../lib/gcc/arm-elf/4.1.1/../../../../arm-elf/lib/thumb/interwork\libm.a(e_rem_pio2.o)
 .bss           0x40001f70        0x0 c:/asctec_arm_sdk/winarm/bin/../lib/gcc/arm-elf/4.1.1/../../../../arm-elf/lib/thumb/interwork\libm.a(e_sqrt.o)
 .bss           0x40001f70        0x0 c:/asctec_arm_sdk/winarm/bin/../lib/gcc/arm-elf/4.1.1/../../../../arm-elf/lib/thumb/interwork\libm.a(k_cos.o)
 .bss           0x40001f70        0x0 c:/asctec_arm_sdk/winarm/bin/../lib/gcc/arm-elf/4.1.1/../../../../arm-elf/lib/thumb/interwork\libm.a(k_rem_pio2.o)
 .bss           0x40001f70        0x0 c:/asctec_arm_sdk/winarm/bin/../lib/gcc/arm-elf/4.1.1/../../../../arm-elf/lib/thumb/interwork\libm.a(k_sin.o)
 .bss           0x40001f70        0x0 c:/asctec_arm_sdk/winarm/bin/../lib/gcc/arm-elf/4.1.1/../../../../arm-elf/lib/thumb/interwork\libm.a(s_atan.o)
 .bss           0x40001f70        0x0 c:/asctec_arm_sdk/winarm/bin/../lib/gcc/arm-elf/4.1.1/../../../../arm-elf/lib/thumb/interwork\libm.a(s_fabs.o)
 .bss           0x40001f70        0x0 c:/asctec_arm_sdk/winarm/bin/../lib/gcc/arm-elf/4.1.1/../../../../arm-elf/lib/thumb/interwork\libm.a(s_floor.o)
 .bss           0x40001f70        0x0 c:/asctec_arm_sdk/winarm/bin/../lib/gcc/arm-elf/4.1.1/../../../../arm-elf/lib/thumb/interwork\libm.a(s_lib_ver.o)
 .bss           0x40001f70        0x0 c:/asctec_arm_sdk/winarm/bin/../lib/gcc/arm-elf/4.1.1/../../../../arm-elf/lib/thumb/interwork\libm.a(s_matherr.o)
 .bss           0x40001f70        0x0 c:/asctec_arm_sdk/winarm/bin/../lib/gcc/arm-elf/4.1.1/../../../../arm-elf/lib/thumb/interwork\libm.a(s_scalbn.o)
 .bss           0x40001f70        0x0 c:/asctec_arm_sdk/winarm/bin/../lib/gcc/arm-elf/4.1.1/../../../../arm-elf/lib/thumb/interwork\libm.a(s_copysign.o)
 .bss           0x40001f70        0x0 c:/asctec_arm_sdk/winarm/bin/../lib/gcc/arm-elf/4.1.1/thumb/interwork\libgcc.a(_truncdfsf2.o)
 .bss           0x40001f70        0x0 c:/asctec_arm_sdk/winarm/bin/../lib/gcc/arm-elf/4.1.1/thumb/interwork\libgcc.a(_addsubsf3.o)
 .bss           0x40001f70        0x0 c:/asctec_arm_sdk/winarm/bin/../lib/gcc/arm-elf/4.1.1/thumb/interwork\libgcc.a(_muldivsf3.o)
 .bss           0x40001f70        0x0 c:/asctec_arm_sdk/winarm/bin/../lib/gcc/arm-elf/4.1.1/thumb/interwork\libgcc.a(_cmpsf2.o)
 .bss           0x40001f70        0x0 c:/asctec_arm_sdk/winarm/bin/../lib/gcc/arm-elf/4.1.1/thumb/interwork\libgcc.a(_fixsfsi.o)
 .bss           0x40001f70        0x0 c:/asctec_arm_sdk/winarm/bin/../lib/gcc/arm-elf/4.1.1/../../../../arm-elf/lib/thumb/interwork\libg.a(errno.o)
 *(.gnu.linkonce.b*)
 *(COMMON)
 COMMON         0x40001f70       0xb0 LL_HL_comm.o
                0x40001f70                LL_1khz_attitude_data
                0x40001fcc                LL_1khz_control_input
                0x40002004                wpToLL
 COMMON         0x40002020       0x58 gpsmath.o
                0x40002020                GPS_Data
                0x4000204c                gps_data_temp
 COMMON         0x40002078       0xc9 sdk.o
                0x40002078                WO_CTRL_Input
                0x40002084                WO_Direct_Motor_Control
                0x40002088                WO_Direct_Individual_Motor_Control
                0x40002094                WO_SDK
                0x40002098                RO_RC_Data
                0x400020a8                RO_ALL_Data
                0x40002140                emergencyMode
 *fill*         0x40002141        0x3 00
 COMMON         0x40002144      0x100 lpc_aci_eeprom.o
                0x40002144                content
 COMMON         0x40002244     0x2b42 asctecCommIntfOnboard.o
                0x40002244                aciSendSingleId
                0x400022d0                aciParPacketContentBuffer
                0x40002780                aciSendSingleBufferCnt
                0x4000280c                aciListPar
                0x40002bc2                aciParPacketSelect
                0x40002d42                aciSendSingleBuffer
                0x40002f72                aciParPacketSelectLength
                0x40002f75                aciCmdPacketSelectLength
                0x40002f78                aciCmdPacketContentBuffer
                0x40003428                aciVarPacketContentBuffer
                0x40003ab8                aciCmdPacketSelect
                0x40003c38                aciTxRingBuffer
                0x40003cd8                aciVarPacketTypeList
                0x40003d98                aciListVar
                0x400042ca                aciParPacketContentBufferValid
                0x400042ce                aciSendSingleStatus
                0x4000435c                aciVarPacketPtrList
                0x4000465c                aciParPacketContentBufferLength
                0x40004662                aciCmdPacketContentBufferInvalidCnt
                0x40004666                aciVarPacketContentBufferLength
                0x4000466c                aciListCmd
                0x40004a22                aciSendSingleVarType
                0x40004a68                aciRxDataCnt
                0x40004a6c                aciStartTxCallback
                0x40004a70                aciRxDataBuffer
                0x40004bf0                aciParPacketContentBufferInvalidCnt
                0x40004bf3                aciCmdPacketContentBufferValid
                0x40004bf8                aciReadDatafromFlashCallback
                0x40004bfc                aciCmdPacketContentBufferLength
                0x40004c02                aciVarPacketSelectLength
                0x40004c06                aciVarPacketSelect
 COMMON         0x40004d86       0x53 buildInfoSetup.o
                0x40004d86                buildInfo
 *fill*         0x40004dd9        0x3 00
 COMMON         0x40004ddc       0xdc main.o
                0x40004ddc                GPS_Time
                0x40004de4                IMU_CalcData
                0x40004e40                HL_Status
                0x40004e58                uart_cnt
                0x40004e5c                IMU_CalcData_tmp
 COMMON         0x40004eb8       0x20 uart.o
                0x40004eb8                UART_rxptr
                0x40004ebc                send_buffer
                0x40004ecc                current_chksum
                0x40004ece                packets
                0x40004ed0                tx_buff
                0x40004ed4                UART1_rxptr
 COMMON         0x40004ed8       0x50 i2c.o
                0x40004ed8                I2CReadLength
                0x40004edc                I2CSlaveBuffer
                0x40004efc                I2CMode
                0x40004f00                I2CMasterBuffer
                0x40004f20                I2CCmd
                0x40004f24                I2CWriteLength
 COMMON         0x40004f28       0x24 i2c1.o
                0x40004f28                I2C1WriteLength
                0x40004f2c                I2C1MasterBuffer
 COMMON         0x40004f4c       0x60 adc.o
                0x40004f4c                ADC0Value
                0x40004f6c                ADC1Value
                0x40004f8c                adcChannelValues
 COMMON         0x40004fac      0x10c ssp.o
                0x40004fac                CurrentRxIndex
                0x40004fb0                SPIWR_num_bytes
                0x40004fb4                CurrentTxIndex
                0x40004fb8                SPIWRData
                0x40005038                SPIRDData
 COMMON         0x400050b8       0x2c pelican_ptu.o
                0x400050b8                CAMERA_Commands
                0x400050c4                CAMERA_ptu
 COMMON         0x400050e4      0x174 jetiTelemetry.o
                0x400050e4                jetiDisplayText
                0x40005104                jetiValues
                0x4000524e                jetiName
 COMMON         0x40005258        0x4 LPC2k_ee.o
                0x40005258                iap_entry
 COMMON         0x4000525c      0x356 ./\libublox.a(ublox.o)
                0x4000525c                GPS_RawBuffer
                0x400053dc                urRecData